#
# There is insufficient memory for the Java Runtime Environment to continue.
# Native memory allocation (malloc) failed to allocate 4542744 bytes. Error detail: Chunk::new
# Possible reasons:
#   The system is out of physical RAM or swap space
#   This process is running with CompressedOops enabled, and the Java Heap may be blocking the growth of the native heap
# Possible solutions:
#   Reduce memory load on the system
#   Increase physical memory or swap space
#   Check if swap backing store is full
#   Decrease Java heap size (-Xmx/-Xms)
#   Decrease number of Java threads
#   Decrease Java thread stack sizes (-Xss)
#   Set larger code cache with -XX:ReservedCodeCacheSize=
#   JVM is running with Unscaled Compressed Oops mode in which the Java heap is
#     placed in the first 4GB address space. The Java Heap base address is the
#     maximum limit for the native heap growth. Please use -XX:HeapBaseMinAddress
#     to set the Java Heap base and to place the Java Heap above 4GB virtual address.
# This output file may be truncated or incomplete.
#
#  Out of Memory Error (arena.cpp:186), pid=5672, tid=552
#
# JRE version: OpenJDK Runtime Environment (25.0.2) (build 25.0.2+-15348964-b329.117)
# Java VM: OpenJDK 64-Bit Server VM (25.0.2+-15348964-b329.117, mixed mode, tiered, compressed oops, compressed class ptrs, g1 gc, windows-amd64)
# No core dump will be written. Minidumps are not enabled by default on client versions of Windows
#

---------------  S U M M A R Y ------------

Command Line: --add-opens=java.base/java.lang=ALL-UNNAMED --add-opens=java.base/java.lang.invoke=ALL-UNNAMED --add-opens=java.base/java.util=ALL-UNNAMED --add-opens=java.prefs/java.util.prefs=ALL-UNNAMED --add-exports=jdk.compiler/com.sun.tools.javac.api=ALL-UNNAMED --add-exports=jdk.compiler/com.sun.tools.javac.util=ALL-UNNAMED --add-opens=java.base/java.nio.charset=ALL-UNNAMED --add-opens=java.base/java.net=ALL-UNNAMED --add-opens=java.base/java.util.concurrent=ALL-UNNAMED --add-opens=java.base/java.util.concurrent.atomic=ALL-UNNAMED --add-opens=java.xml/javax.xml.namespace=ALL-UNNAMED --add-opens=java.base/java.time=ALL-UNNAMED --enable-native-access=ALL-UNNAMED -Xmx2048m -Dfile.encoding=UTF-8 -Duser.country=US -Duser.language=en -Duser.variant -javaagent:C:\Users\LENOVO\.gradle\wrapper\dists\gradle-9.5.0-bin\bvnork1r7n8i6kp5cnkibsc9q\gradle-9.5.0\lib\agents\gradle-instrumentation-agent-9.5.0.jar org.gradle.launcher.daemon.bootstrap.GradleDaemon 9.5.0

Host: AMD Ryzen 3 7320U with Radeon Graphics         , 8 cores, 5G,  Windows 11 , 64 bit Build 26100 (10.0.26100.9444)
Time: Tue Sep 22 16:16:57 2026 SE Asia Standard Time elapsed time: 106.021667 seconds (0d 0h 1m 46s)

---------------  T H R E A D  ---------------

Current thread (0x000001e1bf15bb60):  JavaThread "C2 CompilerThread0" daemon [_thread_in_native, id=552, stack(0x00000036c5800000,0x00000036c5900000) (1024K)]


Current CompileTask:
C2:106021 11618       4       java.net.URLClassLoader::isSealed (72 bytes)

Stack: [0x00000036c5800000,0x00000036c5900000]
Native frames: (J=compiled Java code, j=interpreted, Vv=VM code, C=native code)
V  [jvm.dll+0x7bd439]  (no source info available)
V  [jvm.dll+0x78763d]  (no source info available)
V  [jvm.dll+0xa0c885]  (no source info available)
V  [jvm.dll+0xa0ef04]  (no source info available)
V  [jvm.dll+0xa0f603]  (no source info available)
V  [jvm.dll+0x309bf6]  (no source info available)
V  [jvm.dll+0x10ea69]  (no source info available)
V  [jvm.dll+0x10ed92]  (no source info available)
V  [jvm.dll+0x1a9837]  (no source info available)
V  [jvm.dll+0x3bec92]  (no source info available)
V  [jvm.dll+0x7c2cb7]  (no source info available)
V  [jvm.dll+0x2ce046]  (no source info available)
V  [jvm.dll+0x2cd221]  (no source info available)
V  [jvm.dll+0x242ffa]  (no source info available)
V  [jvm.dll+0x2dcc05]  (no source info available)
V  [jvm.dll+0x2dae06]  (no source info available)
V  [jvm.dll+0x49b59e]  (no source info available)
V  [jvm.dll+0x9ab9c8]  (no source info available)
V  [jvm.dll+0x7bb985]  (no source info available)
C  [ucrtbase.dll+0x2cd30]  (no source info available)
C  [KERNEL32.DLL+0x2cd87]  (no source info available)
C  [ntdll.dll+0xacaec]  (no source info available)

Lock stack of current Java thread (top to bottom):


---------------  P R O C E S S  ---------------

Threads class SMR info:
_java_thread_list=0x000001e1c6e9e720, length=50, elements={
0x000001e1a75525d0, 0x000001e1bf133b60, 0x000001e1bf152420, 0x000001e1bf152fe0,
0x000001e1bf154910, 0x000001e1bf1550d0, 0x000001e1bf155890, 0x000001e1bf156050,
0x000001e1bf15bb60, 0x000001e1bf170730, 0x000001e1bf730080, 0x000001e1c482e750,
0x000001e1c60255d0, 0x000001e1bf4eef00, 0x000001e1bf8d4200, 0x000001e1c5164960,
0x000001e1c5168fb0, 0x000001e1c51687e0, 0x000001e1c5169f50, 0x000001e1c516a720,
0x000001e1c516aef0, 0x000001e1bf467dd0, 0x000001e1bf4685a0, 0x000001e1bf4656c0,
0x000001e1bf469540, 0x000001e1bf46acb0, 0x000001e1bf46b480, 0x000001e1bf46c420,
0x000001e1c671e6b0, 0x000001e1c671dee0, 0x000001e1c671f650, 0x000001e1c671d710,
0x000001e1c6721d60, 0x000001e1c67205f0, 0x000001e1c6722530, 0x000001e1c72eb000,
0x000001e1c72ecf40, 0x000001e1c72ea060, 0x000001e1c72eee80, 0x000001e1c72ef650,
0x000001e1bf469d10, 0x000001e1c4a238a0, 0x000001e1c4a24070, 0x000001e1c4a25010,
0x000001e1c4a230d0, 0x000001e1c4a27720, 0x000001e1c4a27ef0, 0x000001e1bfa42c10,
0x000001e1bfa414a0, 0x000001e1bfa43bb0
}

Java Threads: ( => current thread )
  0x000001e1a75525d0 JavaThread "main"                              [_thread_blocked, id=9724, stack(0x00000036c4900000,0x00000036c4a00000) (1024K)]
  0x000001e1bf133b60 JavaThread "Common-Cleaner"             daemon [_thread_blocked, id=12020, stack(0x00000036c5100000,0x00000036c5200000) (1024K)]
  0x000001e1bf152420 JavaThread "Reference Handler"          daemon [_thread_blocked, id=9204, stack(0x00000036c5200000,0x00000036c5300000) (1024K)]
  0x000001e1bf152fe0 JavaThread "Finalizer"                  daemon [_thread_blocked, id=12968, stack(0x00000036c5300000,0x00000036c5400000) (1024K)]
  0x000001e1bf154910 JavaThread "Signal Dispatcher"          daemon [_thread_blocked, id=19280, stack(0x00000036c5400000,0x00000036c5500000) (1024K)]
  0x000001e1bf1550d0 JavaThread "Attach Listener"            daemon [_thread_blocked, id=13532, stack(0x00000036c5500000,0x00000036c5600000) (1024K)]
  0x000001e1bf155890 JavaThread "Service Thread"             daemon [_thread_blocked, id=22380, stack(0x00000036c5600000,0x00000036c5700000) (1024K)]
  0x000001e1bf156050 JavaThread "Monitor Deflation Thread"   daemon [_thread_blocked, id=14504, stack(0x00000036c5700000,0x00000036c5800000) (1024K)]
=>0x000001e1bf15bb60 JavaThread "C2 CompilerThread0"         daemon [_thread_in_native, id=552, stack(0x00000036c5800000,0x00000036c5900000) (1024K)]
  0x000001e1bf170730 JavaThread "C1 CompilerThread0"         daemon [_thread_blocked, id=17560, stack(0x00000036c5900000,0x00000036c5a00000) (1024K)]
  0x000001e1bf730080 JavaThread "Notification Thread"        daemon [_thread_blocked, id=18232, stack(0x00000036c5a00000,0x00000036c5b00000) (1024K)]
  0x000001e1c482e750 JavaThread "Daemon health stats"               [_thread_blocked, id=11268, stack(0x00000036c6000000,0x00000036c6100000) (1024K)]
  0x000001e1c60255d0 JavaThread "Incoming local TCP Connector on port 53297"        [_thread_in_native, id=4972, stack(0x00000036c6100000,0x00000036c6200000) (1024K)]
  0x000001e1bf4eef00 JavaThread "Daemon periodic checks"            [_thread_blocked, id=24776, stack(0x00000036c6200000,0x00000036c6300000) (1024K)]
  0x000001e1bf8d4200 JavaThread "Daemon"                            [_thread_blocked, id=8328, stack(0x00000036c6300000,0x00000036c6400000) (1024K)]
  0x000001e1c5164960 JavaThread "Handler for socket connection from /127.0.0.1:53297 to /127.0.0.1:53298"        [_thread_in_native, id=24700, stack(0x00000036c6400000,0x00000036c6500000) (1024K)]
  0x000001e1c5168fb0 JavaThread "Cancel handler"                    [_thread_blocked, id=2640, stack(0x00000036c6800000,0x00000036c6900000) (1024K)]
  0x000001e1c51687e0 JavaThread "Daemon worker"                     [_thread_in_vm, id=18576, stack(0x00000036c6900000,0x00000036c6a00000) (1024K)]
  0x000001e1c5169f50 JavaThread "Asynchronous log dispatcher for DefaultDaemonConnection: socket connection from /127.0.0.1:53297 to /127.0.0.1:53298"        [_thread_blocked, id=24688, stack(0x00000036c6a00000,0x00000036c6b00000) (1024K)]
  0x000001e1c516a720 JavaThread "Stdin handler"                     [_thread_blocked, id=11196, stack(0x00000036c6b00000,0x00000036c6c00000) (1024K)]
  0x000001e1c516aef0 JavaThread "Daemon client event forwarder"        [_thread_blocked, id=3276, stack(0x00000036c6c00000,0x00000036c6d00000) (1024K)]
  0x000001e1bf467dd0 JavaThread "Cache worker for journal cache (C:\Users\LENOVO\.gradle\caches\journal-1)"        [_thread_blocked, id=7312, stack(0x00000036c6d00000,0x00000036c6e00000) (1024K)]
  0x000001e1bf4685a0 JavaThread "File lock request listener"        [_thread_in_native, id=14296, stack(0x00000036c6e00000,0x00000036c6f00000) (1024K)]
  0x000001e1bf4656c0 JavaThread "Cache worker for file hash cache (C:\Users\LENOVO\.gradle\caches\9.5.0\fileHashes)"        [_thread_blocked, id=19400, stack(0x00000036c6f00000,0x00000036c7000000) (1024K)]
  0x000001e1bf469540 JavaThread "File lock release action executor"        [_thread_blocked, id=15448, stack(0x00000036c7000000,0x00000036c7100000) (1024K)]
  0x000001e1bf46acb0 JavaThread "Cache worker for file hash cache (C:\Users\LENOVO\AndroidStudioProjects\HalamanTiket\.gradle\9.5.0\fileHashes)"        [_thread_blocked, id=6460, stack(0x00000036c7100000,0x00000036c7200000) (1024K)]
  0x000001e1bf46b480 JavaThread "Cache worker for checksums cache (C:\Users\LENOVO\AndroidStudioProjects\HalamanTiket\.gradle\9.5.0\checksums)"        [_thread_blocked, id=20964, stack(0x00000036c7200000,0x00000036c7300000) (1024K)]
  0x000001e1bf46c420 JavaThread "Cache worker for Build Output Cleanup Cache (C:\Users\LENOVO\AndroidStudioProjects\HalamanTiket\.gradle\buildOutputCleanup)"        [_thread_blocked, id=22648, stack(0x00000036c7300000,0x00000036c7400000) (1024K)]
  0x000001e1c671e6b0 JavaThread "Cache worker for file content cache (C:\Users\LENOVO\.gradle\caches\9.5.0\fileContent)"        [_thread_blocked, id=24804, stack(0x00000036c7400000,0x00000036c7500000) (1024K)]
  0x000001e1c671dee0 JavaThread "File watcher server"        daemon [_thread_in_native, id=23620, stack(0x00000036c7500000,0x00000036c7600000) (1024K)]
  0x000001e1c671f650 JavaThread "File watcher consumer"      daemon [_thread_blocked, id=11460, stack(0x00000036c7600000,0x00000036c7700000) (1024K)]
  0x000001e1c671d710 JavaThread "Cache worker for cache directory md-supplier (C:\Users\LENOVO\.gradle\caches\9.5.0\md-supplier)"        [_thread_blocked, id=14216, stack(0x00000036c7700000,0x00000036c7800000) (1024K)]
  0x000001e1c6721d60 JavaThread "Cache worker for cache directory md-rule (C:\Users\LENOVO\.gradle\caches\9.5.0\md-rule)"        [_thread_blocked, id=6552, stack(0x00000036c7800000,0x00000036c7900000) (1024K)]
  0x000001e1c67205f0 JavaThread "jar transforms"                    [_thread_blocked, id=18996, stack(0x00000036c7900000,0x00000036c7a00000) (1024K)]
  0x000001e1c6722530 JavaThread "jar transforms Thread 2"           [_thread_blocked, id=25460, stack(0x00000036c7a00000,0x00000036c7b00000) (1024K)]
  0x000001e1c72eb000 JavaThread "jar transforms Thread 3"           [_thread_blocked, id=8816, stack(0x00000036c4600000,0x00000036c4700000) (1024K)]
  0x000001e1c72ecf40 JavaThread "Build operations"                  [_thread_blocked, id=23824, stack(0x00000036c4700000,0x00000036c4800000) (1024K)]
  0x000001e1c72ea060 JavaThread "Build operations Thread 2"         [_thread_blocked, id=9816, stack(0x00000036c4800000,0x00000036c4900000) (1024K)]
  0x000001e1c72eee80 JavaThread "Build operations Thread 3"         [_thread_blocked, id=444, stack(0x00000036c7b00000,0x00000036c7c00000) (1024K)]
  0x000001e1c72ef650 JavaThread "Build operations Thread 4"         [_thread_blocked, id=1980, stack(0x00000036c7c00000,0x00000036c7d00000) (1024K)]
  0x000001e1bf469d10 JavaThread "Build operations Thread 5"         [_thread_blocked, id=9580, stack(0x00000036c7d00000,0x00000036c7e00000) (1024K)]
  0x000001e1c4a238a0 JavaThread "Build operations Thread 6"         [_thread_blocked, id=22788, stack(0x00000036c7e00000,0x00000036c7f00000) (1024K)]
  0x000001e1c4a24070 JavaThread "Build operations Thread 7"         [_thread_blocked, id=18188, stack(0x00000036c7f00000,0x00000036c8000000) (1024K)]
  0x000001e1c4a25010 JavaThread "Build operations Thread 8"         [_thread_blocked, id=4892, stack(0x00000036c8000000,0x00000036c8100000) (1024K)]
  0x000001e1c4a230d0 JavaThread "jar transforms Thread 4"           [_thread_blocked, id=6660, stack(0x00000036c8100000,0x00000036c8200000) (1024K)]
  0x000001e1c4a27720 JavaThread "jar transforms Thread 5"           [_thread_blocked, id=21356, stack(0x00000036c8200000,0x00000036c8300000) (1024K)]
  0x000001e1c4a27ef0 JavaThread "jar transforms Thread 6"           [_thread_blocked, id=14208, stack(0x00000036c8300000,0x00000036c8400000) (1024K)]
  0x000001e1bfa42c10 JavaThread "jar transforms Thread 7"           [_thread_blocked, id=19444, stack(0x00000036c8400000,0x00000036c8500000) (1024K)]
  0x000001e1bfa414a0 JavaThread "jar transforms Thread 8"           [_thread_blocked, id=8836, stack(0x00000036c8500000,0x00000036c8600000) (1024K)]
  0x000001e1bfa43bb0 JavaThread "Configuration cache report writer"        [_thread_blocked, id=20864, stack(0x00000036c8600000,0x00000036c8700000) (1024K)]
Total: 50

Other Threads:
  0x000001e1bf0f0120 VMThread "VM Thread"                           [id=14068, stack(0x00000036c5000000,0x00000036c5100000) (1024K)]
  0x000001e1bf0d4490 WatcherThread "VM Periodic Task Thread"        [id=16152, stack(0x00000036c4f00000,0x00000036c5000000) (1024K)]
  0x000001e1a538e810 WorkerThread "GC Thread#0"                     [id=16040, stack(0x00000036c4a00000,0x00000036c4b00000) (1024K)]
  0x000001e1bfb24e10 WorkerThread "GC Thread#1"                     [id=25556, stack(0x00000036c5b00000,0x00000036c5c00000) (1024K)]
  0x000001e1bfb0b8f0 WorkerThread "GC Thread#2"                     [id=15584, stack(0x00000036c5c00000,0x00000036c5d00000) (1024K)]
  0x000001e1bfb0bd20 WorkerThread "GC Thread#3"                     [id=16716, stack(0x00000036c5d00000,0x00000036c5e00000) (1024K)]
  0x000001e1bfb0c150 WorkerThread "GC Thread#4"                     [id=12268, stack(0x00000036c5e00000,0x00000036c5f00000) (1024K)]
  0x000001e1bf882840 WorkerThread "GC Thread#5"                     [id=9232, stack(0x00000036c5f00000,0x00000036c6000000) (1024K)]
  0x000001e1bf883980 WorkerThread "GC Thread#6"                     [id=8180, stack(0x00000036c6500000,0x00000036c6600000) (1024K)]
  0x000001e1bf884220 WorkerThread "GC Thread#7"                     [id=13284, stack(0x00000036c6600000,0x00000036c6700000) (1024K)]
  0x000001e1a75bfe80 ConcurrentGCThread "G1 Main Marker"            [id=5340, stack(0x00000036c4b00000,0x00000036c4c00000) (1024K)]
  0x000001e1a75c1900 WorkerThread "G1 Conc#0"                       [id=2392, stack(0x00000036c4c00000,0x00000036c4d00000) (1024K)]
  0x000001e1bf884ac0 WorkerThread "G1 Conc#1"                       [id=8608, stack(0x00000036c6700000,0x00000036c6800000) (1024K)]
  0x000001e1befaa910 ConcurrentGCThread "G1 Refine#0"               [id=10056, stack(0x00000036c4d00000,0x00000036c4e00000) (1024K)]
  0x000001e1befaadd0 ConcurrentGCThread "G1 Service"                [id=25404, stack(0x00000036c4e00000,0x00000036c4f00000) (1024K)]
Total: 15

Threads with active compile tasks:
C2 CompilerThread0  106220 11618       4       java.net.URLClassLoader::isSealed (72 bytes)
Total: 1

VM state: not at safepoint (normal execution)

VM Mutex/Monitor currently owned by a thread: None

Heap address: 0x0000000080000000, size: 2048 MB, Compressed Oops mode: 32-bit

CDS archive(s) not mapped
Compressed class space mapped at: 0x0000000022000000-0x0000000062000000, reserved size: 1073741824
UseCompressedClassPointers 1, UseCompactObjectHeaders 0
Narrow klass pointer bits 32, Max shift 3
Narrow klass base: 0x0000000000000000, Narrow klass shift: 0
Encoding Range: [0x0000000000000000 - 0x0000000100000000), (4294967296 bytes)
Klass Range:    [0x0000000022000000 - 0x0000000062000000), (1073741824 bytes)
Klass ID Range:  [570425344 - 1644167161) (1073741817)
No protection zone.

GC Precious Log:
 CardTable entry size: 512
 Card Set container configuration: InlinePtr #cards 5 size 8 Array Of Cards #cards 10 size 36 Howl #buckets 4 coarsen threshold 1843 Howl Bitmap #cards 512 size 80 coarsen threshold 460 Card regions per heap region 1 cards per card region 2048
 CPUs: 8 total, 8 available
 Memory: 5965M
 Large Page Support: Disabled
 NUMA Support: Disabled
 Compressed Oops: Enabled (32-bit)
 Heap Region Size: 1M
 Heap Min Capacity: 8M
 Heap Initial Capacity: 94M
 Heap Max Capacity: 2G
 Pre-touch: Disabled
 Parallel Workers: 8
 Concurrent Workers: 2
 Concurrent Refinement Workers: 8
 Periodic GC: Disabled

Heap:
 garbage-first heap   total reserved 2097152K, committed 126976K, used 92091K [0x0000000080000000, 0x0000000100000000)
  region size 1024K, 12 young (12288K), 5 survivors (5120K)

Heap Regions: E=young(eden), S=young(survivor), O=old, HS=humongous(starts), HC=humongous(continues), CS=collection set, F=free, TAMS=top-at-mark-start, PB=parsable bottom
|   0|0x0000000080000000, 0x0000000080100000, 0x0000000080100000|100%|HS|  |TAMS 0x0000000080000000| PB 0x0000000080000000| Complete |  0
|   1|0x0000000080100000, 0x0000000080200000, 0x0000000080200000|100%|HC|  |TAMS 0x0000000080100000| PB 0x0000000080100000| Complete |  0
|   2|0x0000000080200000, 0x0000000080300000, 0x0000000080300000|100%|HC|  |TAMS 0x0000000080200000| PB 0x0000000080200000| Complete |  0
|   3|0x0000000080300000, 0x0000000080400000, 0x0000000080400000|100%|HC|  |TAMS 0x0000000080300000| PB 0x0000000080300000| Complete |  0
|   4|0x0000000080400000, 0x0000000080500000, 0x0000000080500000|100%| O|  |TAMS 0x0000000080400000| PB 0x0000000080400000| Untracked |  0
|   5|0x0000000080500000, 0x0000000080600000, 0x0000000080600000|100%| O|  |TAMS 0x0000000080500000| PB 0x0000000080500000| Untracked |  0
|   6|0x0000000080600000, 0x0000000080700000, 0x0000000080700000|100%| O|  |TAMS 0x0000000080600000| PB 0x0000000080600000| Untracked |  0
|   7|0x0000000080700000, 0x0000000080800000, 0x0000000080800000|100%|HS|  |TAMS 0x0000000080700000| PB 0x0000000080700000| Complete |  0
|   8|0x0000000080800000, 0x0000000080900000, 0x0000000080900000|100%| O|  |TAMS 0x0000000080800000| PB 0x0000000080800000| Untracked |  0
|   9|0x0000000080900000, 0x0000000080a00000, 0x0000000080a00000|100%| O|  |TAMS 0x0000000080900000| PB 0x0000000080900000| Untracked |  0
|  10|0x0000000080a00000, 0x0000000080b00000, 0x0000000080b00000|100%| O|  |TAMS 0x0000000080a00000| PB 0x0000000080a00000| Untracked |  0
|  11|0x0000000080b00000, 0x0000000080c00000, 0x0000000080c00000|100%|HS|  |TAMS 0x0000000080b00000| PB 0x0000000080b00000| Complete |  0
|  12|0x0000000080c00000, 0x0000000080d00000, 0x0000000080d00000|100%| O|  |TAMS 0x0000000080c00000| PB 0x0000000080c00000| Untracked |  0
|  13|0x0000000080d00000, 0x0000000080e00000, 0x0000000080e00000|100%| O|  |TAMS 0x0000000080d00000| PB 0x0000000080d00000| Untracked |  0
|  14|0x0000000080e00000, 0x0000000080f00000, 0x0000000080f00000|100%| O|  |TAMS 0x0000000080e00000| PB 0x0000000080e00000| Untracked |  0
|  15|0x0000000080f00000, 0x0000000081000000, 0x0000000081000000|100%| O|  |TAMS 0x0000000080f00000| PB 0x0000000080f00000| Untracked |  0
|  16|0x0000000081000000, 0x0000000081100000, 0x0000000081100000|100%| O|  |TAMS 0x0000000081000000| PB 0x0000000081000000| Untracked |  0
|  17|0x0000000081100000, 0x0000000081200000, 0x0000000081200000|100%| O|  |TAMS 0x0000000081100000| PB 0x0000000081100000| Untracked |  0
|  18|0x0000000081200000, 0x0000000081300000, 0x0000000081300000|100%| O|  |TAMS 0x0000000081200000| PB 0x0000000081200000| Untracked |  0
|  19|0x0000000081300000, 0x0000000081400000, 0x0000000081400000|100%| O|  |TAMS 0x0000000081300000| PB 0x0000000081300000| Untracked |  0
|  20|0x0000000081400000, 0x0000000081500000, 0x0000000081500000|100%| O|  |TAMS 0x0000000081400000| PB 0x0000000081400000| Untracked |  0
|  21|0x0000000081500000, 0x0000000081600000, 0x0000000081600000|100%| O|  |TAMS 0x0000000081500000| PB 0x0000000081500000| Untracked |  0
|  22|0x0000000081600000, 0x0000000081700000, 0x0000000081700000|100%| O|  |TAMS 0x0000000081600000| PB 0x0000000081600000| Untracked |  0
|  23|0x0000000081700000, 0x0000000081800000, 0x0000000081800000|100%| O|  |TAMS 0x0000000081700000| PB 0x0000000081700000| Untracked |  0
|  24|0x0000000081800000, 0x0000000081900000, 0x0000000081900000|100%| O|  |TAMS 0x0000000081800000| PB 0x0000000081800000| Untracked |  0
|  25|0x0000000081900000, 0x0000000081a00000, 0x0000000081a00000|100%| O|  |TAMS 0x0000000081900000| PB 0x0000000081900000| Untracked |  0
|  26|0x0000000081a00000, 0x0000000081b00000, 0x0000000081b00000|100%| O|  |TAMS 0x0000000081a00000| PB 0x0000000081a00000| Untracked |  0
|  27|0x0000000081b00000, 0x0000000081c00000, 0x0000000081c00000|100%| O|  |TAMS 0x0000000081b00000| PB 0x0000000081b00000| Untracked |  0
|  28|0x0000000081c00000, 0x0000000081d00000, 0x0000000081d00000|100%| O|  |TAMS 0x0000000081c00000| PB 0x0000000081c00000| Untracked |  0
|  29|0x0000000081d00000, 0x0000000081e00000, 0x0000000081e00000|100%| O|  |TAMS 0x0000000081d00000| PB 0x0000000081d00000| Untracked |  0
|  30|0x0000000081e00000, 0x0000000081f00000, 0x0000000081f00000|100%| O|  |TAMS 0x0000000081e00000| PB 0x0000000081e00000| Untracked |  0
|  31|0x0000000081f00000, 0x0000000082000000, 0x0000000082000000|100%| O|  |TAMS 0x0000000081f00000| PB 0x0000000081f00000| Untracked |  0
|  32|0x0000000082000000, 0x0000000082100000, 0x0000000082100000|100%| O|  |TAMS 0x0000000082000000| PB 0x0000000082000000| Untracked |  0
|  33|0x0000000082100000, 0x0000000082200000, 0x0000000082200000|100%| O|  |TAMS 0x0000000082100000| PB 0x0000000082100000| Untracked |  0
|  34|0x0000000082200000, 0x0000000082300000, 0x0000000082300000|100%| O|  |TAMS 0x0000000082200000| PB 0x0000000082200000| Untracked |  0
|  35|0x0000000082300000, 0x0000000082400000, 0x0000000082400000|100%| O|  |TAMS 0x0000000082300000| PB 0x0000000082300000| Untracked |  0
|  36|0x0000000082400000, 0x0000000082500000, 0x0000000082500000|100%| O|  |TAMS 0x0000000082400000| PB 0x0000000082400000| Untracked |  0
|  37|0x0000000082500000, 0x0000000082600000, 0x0000000082600000|100%| O|  |TAMS 0x0000000082500000| PB 0x0000000082500000| Untracked |  0
|  38|0x0000000082600000, 0x0000000082700000, 0x0000000082700000|100%| O|  |TAMS 0x0000000082600000| PB 0x0000000082600000| Untracked |  0
|  39|0x0000000082700000, 0x0000000082800000, 0x0000000082800000|100%| O|Cm|TAMS 0x0000000082700000| PB 0x0000000082700000| Complete |  0
|  40|0x0000000082800000, 0x0000000082900000, 0x0000000082900000|100%| O|Cm|TAMS 0x0000000082800000| PB 0x0000000082800000| Complete |  0
|  41|0x0000000082900000, 0x0000000082a00000, 0x0000000082a00000|100%| O|  |TAMS 0x0000000082900000| PB 0x0000000082900000| Untracked |  0
|  42|0x0000000082a00000, 0x0000000082b00000, 0x0000000082b00000|100%| O|  |TAMS 0x0000000082a00000| PB 0x0000000082a00000| Untracked |  0
|  43|0x0000000082b00000, 0x0000000082c00000, 0x0000000082c00000|100%| O|  |TAMS 0x0000000082b00000| PB 0x0000000082b00000| Untracked |  0
|  44|0x0000000082c00000, 0x0000000082d00000, 0x0000000082d00000|100%| O|  |TAMS 0x0000000082c00000| PB 0x0000000082c00000| Untracked |  0
|  45|0x0000000082d00000, 0x0000000082e00000, 0x0000000082e00000|100%| O|  |TAMS 0x0000000082d00000| PB 0x0000000082d00000| Untracked |  0
|  46|0x0000000082e00000, 0x0000000082f00000, 0x0000000082f00000|100%| O|  |TAMS 0x0000000082e00000| PB 0x0000000082e00000| Untracked |  0
|  47|0x0000000082f00000, 0x0000000083000000, 0x0000000083000000|100%| O|  |TAMS 0x0000000082f00000| PB 0x0000000082f00000| Untracked |  0
|  48|0x0000000083000000, 0x0000000083100000, 0x0000000083100000|100%| O|  |TAMS 0x0000000083000000| PB 0x0000000083000000| Untracked |  0
|  49|0x0000000083100000, 0x0000000083200000, 0x0000000083200000|100%| O|  |TAMS 0x0000000083100000| PB 0x0000000083100000| Untracked |  0
|  50|0x0000000083200000, 0x0000000083300000, 0x0000000083300000|100%| O|  |TAMS 0x0000000083200000| PB 0x0000000083200000| Untracked |  0
|  51|0x0000000083300000, 0x0000000083400000, 0x0000000083400000|100%| O|  |TAMS 0x0000000083300000| PB 0x0000000083300000| Untracked |  0
|  52|0x0000000083400000, 0x0000000083500000, 0x0000000083500000|100%|HS|  |TAMS 0x0000000083400000| PB 0x0000000083400000| Complete |  0
|  53|0x0000000083500000, 0x0000000083600000, 0x0000000083600000|100%| O|  |TAMS 0x0000000083500000| PB 0x0000000083500000| Untracked |  0
|  54|0x0000000083600000, 0x0000000083700000, 0x0000000083700000|100%| O|  |TAMS 0x0000000083600000| PB 0x0000000083600000| Untracked |  0
|  55|0x0000000083700000, 0x0000000083800000, 0x0000000083800000|100%| O|  |TAMS 0x0000000083700000| PB 0x0000000083700000| Untracked |  0
|  56|0x0000000083800000, 0x0000000083900000, 0x0000000083900000|100%| O|  |TAMS 0x0000000083800000| PB 0x0000000083800000| Untracked |  0
|  57|0x0000000083900000, 0x0000000083a00000, 0x0000000083a00000|100%| O|  |TAMS 0x0000000083900000| PB 0x0000000083900000| Untracked |  0
|  58|0x0000000083a00000, 0x0000000083b00000, 0x0000000083b00000|100%| O|  |TAMS 0x0000000083a00000| PB 0x0000000083a00000| Untracked |  0
|  59|0x0000000083b00000, 0x0000000083c00000, 0x0000000083c00000|100%| O|  |TAMS 0x0000000083b00000| PB 0x0000000083b00000| Untracked |  0
|  60|0x0000000083c00000, 0x0000000083d00000, 0x0000000083d00000|100%| O|  |TAMS 0x0000000083c00000| PB 0x0000000083c00000| Untracked |  0
|  61|0x0000000083d00000, 0x0000000083e00000, 0x0000000083e00000|100%| O|  |TAMS 0x0000000083d00000| PB 0x0000000083d00000| Untracked |  0
|  62|0x0000000083e00000, 0x0000000083f00000, 0x0000000083f00000|100%| O|  |TAMS 0x0000000083e00000| PB 0x0000000083e00000| Untracked |  0
|  63|0x0000000083f00000, 0x0000000084000000, 0x0000000084000000|100%| O|  |TAMS 0x0000000083f00000| PB 0x0000000083f00000| Untracked |  0
|  64|0x0000000084000000, 0x0000000084100000, 0x0000000084100000|100%|HS|  |TAMS 0x0000000084000000| PB 0x0000000084000000| Complete |  0
|  65|0x0000000084100000, 0x0000000084200000, 0x0000000084200000|100%| O|  |TAMS 0x0000000084100000| PB 0x0000000084100000| Untracked |  0
|  66|0x0000000084200000, 0x0000000084300000, 0x0000000084300000|100%| O|Cm|TAMS 0x0000000084200000| PB 0x0000000084200000| Complete |  0
|  67|0x0000000084300000, 0x0000000084400000, 0x0000000084400000|100%|HS|  |TAMS 0x0000000084300000| PB 0x0000000084300000| Complete |  0
|  68|0x0000000084400000, 0x0000000084500000, 0x0000000084500000|100%|HC|  |TAMS 0x0000000084400000| PB 0x0000000084400000| Complete |  0
|  69|0x0000000084500000, 0x0000000084600000, 0x0000000084600000|100%|HS|  |TAMS 0x0000000084500000| PB 0x0000000084500000| Complete |  0
|  70|0x0000000084600000, 0x0000000084700000, 0x0000000084700000|100%|HS|  |TAMS 0x0000000084600000| PB 0x0000000084600000| Complete |  0
|  71|0x0000000084700000, 0x0000000084700000, 0x0000000084800000|  0%| F|  |TAMS 0x0000000084700000| PB 0x0000000084700000| Untracked |  0
|  72|0x0000000084800000, 0x0000000084900000, 0x0000000084900000|100%|HS|  |TAMS 0x0000000084800000| PB 0x0000000084800000| Complete |  0
|  73|0x0000000084900000, 0x0000000084a00000, 0x0000000084a00000|100%|HS|  |TAMS 0x0000000084900000| PB 0x0000000084900000| Complete |  0
|  74|0x0000000084a00000, 0x0000000084b00000, 0x0000000084b00000|100%|HS|  |TAMS 0x0000000084a00000| PB 0x0000000084a00000| Complete |  0
|  75|0x0000000084b00000, 0x0000000084c00000, 0x0000000084c00000|100%| O|  |TAMS 0x0000000084b00000| PB 0x0000000084b00000| Untracked |  0
|  76|0x0000000084c00000, 0x0000000084d00000, 0x0000000084d00000|100%| S|CS|TAMS 0x0000000084c00000| PB 0x0000000084c00000| Complete |  0
|  77|0x0000000084d00000, 0x0000000084e00000, 0x0000000084e00000|100%| S|CS|TAMS 0x0000000084d00000| PB 0x0000000084d00000| Complete |  0
|  78|0x0000000084e00000, 0x0000000084e00000, 0x0000000084f00000|  0%| F|  |TAMS 0x0000000084e00000| PB 0x0000000084e00000| Untracked |  0
|  79|0x0000000084f00000, 0x0000000084f00000, 0x0000000085000000|  0%| F|  |TAMS 0x0000000084f00000| PB 0x0000000084f00000| Untracked |  0
|  80|0x0000000085000000, 0x0000000085000000, 0x0000000085100000|  0%| F|  |TAMS 0x0000000085000000| PB 0x0000000085000000| Untracked |  0
|  81|0x0000000085100000, 0x0000000085100000, 0x0000000085200000|  0%| F|  |TAMS 0x0000000085100000| PB 0x0000000085100000| Untracked |  0
|  82|0x0000000085200000, 0x0000000085200000, 0x0000000085300000|  0%| F|  |TAMS 0x0000000085200000| PB 0x0000000085200000| Untracked |  0
|  83|0x0000000085300000, 0x0000000085300000, 0x0000000085400000|  0%| F|  |TAMS 0x0000000085300000| PB 0x0000000085300000| Untracked |  0
|  84|0x0000000085400000, 0x0000000085400000, 0x0000000085500000|  0%| F|  |TAMS 0x0000000085400000| PB 0x0000000085400000| Untracked |  0
|  85|0x0000000085500000, 0x0000000085500000, 0x0000000085600000|  0%| F|  |TAMS 0x0000000085500000| PB 0x0000000085500000| Untracked |  0
|  86|0x0000000085600000, 0x0000000085600000, 0x0000000085700000|  0%| F|  |TAMS 0x0000000085600000| PB 0x0000000085600000| Untracked |  0
|  87|0x0000000085700000, 0x0000000085700000, 0x0000000085800000|  0%| F|  |TAMS 0x0000000085700000| PB 0x0000000085700000| Untracked |  0
|  88|0x0000000085800000, 0x0000000085800000, 0x0000000085900000|  0%| F|  |TAMS 0x0000000085800000| PB 0x0000000085800000| Untracked |  0
|  89|0x0000000085900000, 0x0000000085900000, 0x0000000085a00000|  0%| F|  |TAMS 0x0000000085900000| PB 0x0000000085900000| Untracked |  0
|  90|0x0000000085a00000, 0x0000000085a00000, 0x0000000085b00000|  0%| F|  |TAMS 0x0000000085a00000| PB 0x0000000085a00000| Untracked |  0
|  91|0x0000000085b00000, 0x0000000085b00000, 0x0000000085c00000|  0%| F|  |TAMS 0x0000000085b00000| PB 0x0000000085b00000| Untracked |  0
|  92|0x0000000085c00000, 0x0000000085c00000, 0x0000000085d00000|  0%| F|  |TAMS 0x0000000085c00000| PB 0x0000000085c00000| Untracked |  0
|  93|0x0000000085d00000, 0x0000000085d00000, 0x0000000085e00000|  0%| F|  |TAMS 0x0000000085d00000| PB 0x0000000085d00000| Untracked |  0
|  94|0x0000000085e00000, 0x0000000085e00000, 0x0000000085f00000|  0%| F|  |TAMS 0x0000000085e00000| PB 0x0000000085e00000| Untracked |  0
|  95|0x0000000085f00000, 0x0000000085f00000, 0x0000000086000000|  0%| F|  |TAMS 0x0000000085f00000| PB 0x0000000085f00000| Untracked |  0
|  96|0x0000000086000000, 0x0000000086000000, 0x0000000086100000|  0%| F|  |TAMS 0x0000000086000000| PB 0x0000000086000000| Untracked |  0
|  97|0x0000000086100000, 0x0000000086100000, 0x0000000086200000|  0%| F|  |TAMS 0x0000000086100000| PB 0x0000000086100000| Untracked |  0
|  98|0x0000000086200000, 0x0000000086200000, 0x0000000086300000|  0%| F|  |TAMS 0x0000000086200000| PB 0x0000000086200000| Untracked |  0
|  99|0x0000000086300000, 0x0000000086300000, 0x0000000086400000|  0%| F|  |TAMS 0x0000000086300000| PB 0x0000000086300000| Untracked |  0
| 100|0x0000000086400000, 0x0000000086400000, 0x0000000086500000|  0%| F|  |TAMS 0x0000000086400000| PB 0x0000000086400000| Untracked |  0
| 101|0x0000000086500000, 0x0000000086500000, 0x0000000086600000|  0%| F|  |TAMS 0x0000000086500000| PB 0x0000000086500000| Untracked |  0
| 102|0x0000000086600000, 0x0000000086600000, 0x0000000086700000|  0%| F|  |TAMS 0x0000000086600000| PB 0x0000000086600000| Untracked |  0
| 103|0x0000000086700000, 0x0000000086700000, 0x0000000086800000|  0%| F|  |TAMS 0x0000000086700000| PB 0x0000000086700000| Untracked |  0
| 104|0x0000000086800000, 0x0000000086800000, 0x0000000086900000|  0%| F|  |TAMS 0x0000000086800000| PB 0x0000000086800000| Untracked |  0
| 105|0x0000000086900000, 0x0000000086900000, 0x0000000086a00000|  0%| F|  |TAMS 0x0000000086900000| PB 0x0000000086900000| Untracked |  0
| 106|0x0000000086a00000, 0x0000000086a00000, 0x0000000086b00000|  0%| F|  |TAMS 0x0000000086a00000| PB 0x0000000086a00000| Untracked |  0
| 107|0x0000000086b00000, 0x0000000086b00000, 0x0000000086c00000|  0%| F|  |TAMS 0x0000000086b00000| PB 0x0000000086b00000| Untracked |  0
| 108|0x0000000086c00000, 0x0000000086c00000, 0x0000000086d00000|  0%| F|  |TAMS 0x0000000086c00000| PB 0x0000000086c00000| Untracked |  0
| 109|0x0000000086d00000, 0x0000000086d00000, 0x0000000086e00000|  0%| F|  |TAMS 0x0000000086d00000| PB 0x0000000086d00000| Untracked |  0
| 110|0x0000000086e00000, 0x0000000086e63308, 0x0000000086f00000| 38%| E|  |TAMS 0x0000000086e00000| PB 0x0000000086e00000| Complete |  0
| 111|0x0000000086f00000, 0x0000000087000000, 0x0000000087000000|100%| E|CS|TAMS 0x0000000086f00000| PB 0x0000000086f00000| Complete |  0
| 112|0x0000000087000000, 0x0000000087100000, 0x0000000087100000|100%| E|CS|TAMS 0x0000000087000000| PB 0x0000000087000000| Complete |  0
| 113|0x0000000087100000, 0x0000000087200000, 0x0000000087200000|100%| E|CS|TAMS 0x0000000087100000| PB 0x0000000087100000| Complete |  0
| 114|0x0000000087200000, 0x0000000087300000, 0x0000000087300000|100%| E|CS|TAMS 0x0000000087200000| PB 0x0000000087200000| Complete |  0
| 115|0x0000000087300000, 0x0000000087400000, 0x0000000087400000|100%| S|CS|TAMS 0x0000000087300000| PB 0x0000000087300000| Complete |  0
| 116|0x0000000087400000, 0x0000000087500000, 0x0000000087500000|100%| S|CS|TAMS 0x0000000087400000| PB 0x0000000087400000| Complete |  0
| 117|0x0000000087500000, 0x0000000087600000, 0x0000000087600000|100%| S|CS|TAMS 0x0000000087500000| PB 0x0000000087500000| Complete |  0
|2042|0x00000000ffa00000, 0x00000000ffaeef68, 0x00000000ffb00000| 93%| O|  |TAMS 0x00000000ffa00000| PB 0x00000000ffa00000| Untracked |  0
|2043|0x00000000ffb00000, 0x00000000ffc00000, 0x00000000ffc00000|100%| O|  |TAMS 0x00000000ffb00000| PB 0x00000000ffb00000| Untracked |  0
|2044|0x00000000ffc00000, 0x00000000ffd00000, 0x00000000ffd00000|100%| O|  |TAMS 0x00000000ffc00000| PB 0x00000000ffc00000| Untracked |  0
|2045|0x00000000ffd00000, 0x00000000ffe00000, 0x00000000ffe00000|100%| O|  |TAMS 0x00000000ffd00000| PB 0x00000000ffd00000| Untracked |  0
|2046|0x00000000ffe00000, 0x00000000fff00000, 0x00000000fff00000|100%| E|CS|TAMS 0x00000000ffe00000| PB 0x00000000ffe00000| Complete |  0
|2047|0x00000000fff00000, 0x0000000100000000, 0x0000000100000000|100%| E|CS|TAMS 0x00000000fff00000| PB 0x00000000fff00000| Complete |  0

Card table byte_map: [0x000001e1ba280000,0x000001e1ba680000] _byte_map_base: 0x000001e1b9e80000

Marking Bits: (CMBitMap*) 0x000001e1a75a7540
 Bits: [0x000001e1ba680000, 0x000001e1bc680000)

Polling page: 0x000001e1a5700000

Metaspace:
Metaspace        used 85751K, committed 87680K, reserved 1179648K
 class space     used 12568K, committed 13440K, reserved 1048576K

Usage:
  Non-class:     71.47 MB used.
      Class:     12.27 MB used.
       Both:     83.74 MB used.

Virtual space:
  Non-class space:      128.00 MB reserved,      72.50 MB ( 57%) committed,  2 nodes.
      Class space:        1.00 GB reserved,      13.12 MB (  1%) committed,  1 nodes.
             Both:        1.12 GB reserved,      85.62 MB (  7%) committed. 

Chunk freelists:
   Non-Class:  7.00 MB
       Class:  2.81 MB
        Both:  9.81 MB

MaxMetaspaceSize: unlimited
CompressedClassSpaceSize: 1.00 GB
Initial GC threshold: 21.00 MB
Current GC threshold: 139.00 MB
CDS: off
 - commit_granule_bytes: 65536.
 - commit_granule_words: 8192.
 - virtual_space_node_default_size: 8388608.
 - enlarge_chunks_in_place: 1.
UseCompressedClassPointers 1, UseCompactObjectHeaders 0
Narrow klass pointer bits 32, Max shift 3
Narrow klass base: 0x0000000000000000, Narrow klass shift: 0
Encoding Range: [0x0000000000000000 - 0x0000000100000000), (4294967296 bytes)
Klass Range:    [0x0000000022000000 - 0x0000000062000000), (1073741824 bytes)
Klass ID Range:  [570425344 - 1644167161) (1073741817)
No protection zone.


Internal statistics:

num_allocs_failed_limit: 9.
num_arena_births: 3800.
num_arena_deaths: 10.
num_vsnodes_births: 3.
num_vsnodes_deaths: 0.
num_space_committed: 1370.
num_space_uncommitted: 0.
num_chunks_returned_to_freelist: 30.
num_chunks_taken_from_freelist: 7353.
num_chunk_merges: 11.
num_chunk_splits: 4827.
num_chunks_enlarged: 3076.
num_inconsistent_stats: 0.

CodeHeap 'non-profiled nmethods': size=120064Kb used=3924Kb max_used=3924Kb free=116139Kb
 bounds [0x000001e1b2500000, 0x000001e1b28e0000, 0x000001e1b9a40000]
CodeHeap 'profiled nmethods': size=120000Kb used=13534Kb max_used=13840Kb free=106466Kb
 bounds [0x000001e1aaa40000, 0x000001e1ab7e0000, 0x000001e1b1f70000]
CodeHeap 'non-nmethods': size=5696Kb used=1994Kb max_used=2184Kb free=3701Kb
 bounds [0x000001e1b1f70000, 0x000001e1b21e0000, 0x000001e1b2500000]
CodeCache: size=245760Kb, used=19452Kb, max_used=19948Kb, free=226306Kb
 total_blobs=10585, nmethods=9724, adapters=759, full_count=0
Compilation: enabled, stopped_count=0, restarted_count=0

Compilation events (20 events):
Event: 105.912 Thread 0x000001e1bf170730 11622       3       org.gradle.internal.classloader.TransformReplacer::access$200 (5 bytes)
Event: 105.912 Thread 0x000001e1bf170730 nmethod 11622 0x000001e1aabe1f88 code [0x000001e1aabe2080, 0x000001e1aabe22d0]
Event: 105.955 Thread 0x000001e1bf170730 11623       3       com.google.common.collect.CollectPreconditions::checkEntryNotNull (68 bytes)
Event: 105.955 Thread 0x000001e1bf170730 nmethod 11623 0x000001e1aab21508 code [0x000001e1aab21600, 0x000001e1aab21b20]
Event: 105.955 Thread 0x000001e1bf170730 11624       1       com.google.common.collect.ImmutableEntry::getKey (5 bytes)
Event: 105.956 Thread 0x000001e1bf170730 nmethod 11624 0x000001e1b27e5388 code [0x000001e1b27e5480, 0x000001e1b27e5548]
Event: 105.956 Thread 0x000001e1bf170730 11625       1       com.google.common.collect.ImmutableEntry::getValue (5 bytes)
Event: 105.956 Thread 0x000001e1bf170730 nmethod 11625 0x000001e1b27e5088 code [0x000001e1b27e5180, 0x000001e1b27e5248]
Event: 105.956 Thread 0x000001e1bf170730 11626       1       com.google.common.collect.ImmutableMapEntry::isReusable (2 bytes)
Event: 105.956 Thread 0x000001e1bf170730 nmethod 11626 0x000001e1b27e4d88 code [0x000001e1b27e4e80, 0x000001e1b27e4f48]
Event: 105.982 Thread 0x000001e1bf170730 11627       3       com.android.build.gradle.options.ProjectOptions$OptionValue::<init> (15 bytes)
Event: 105.983 Thread 0x000001e1bf170730 nmethod 11627 0x000001e1aac2a708 code [0x000001e1aac2a800, 0x000001e1aac2aa20]
Event: 105.983 Thread 0x000001e1bf170730 11628       3       com.google.common.collect.ImmutableMap$Builder::put (35 bytes)
Event: 105.983 Thread 0x000001e1bf170730 nmethod 11628 0x000001e1aabdfd08 code [0x000001e1aabdfe00, 0x000001e1aabe0428]
Event: 105.984 Thread 0x000001e1bf170730 11629       3       com.google.common.collect.Hashing::smear (19 bytes)
Event: 105.984 Thread 0x000001e1bf170730 nmethod 11629 0x000001e1aac43408 code [0x000001e1aac43500, 0x000001e1aac43678]
Event: 105.984 Thread 0x000001e1bf170730 11630       3       com.google.common.collect.ImmutableMapEntry::<init> (12 bytes)
Event: 105.985 Thread 0x000001e1bf170730 nmethod 11630 0x000001e1aaf1ff88 code [0x000001e1aaf20080, 0x000001e1aaf20388]
Event: 105.985 Thread 0x000001e1bf170730 11631       3       com.google.common.collect.AbstractMapEntry::<init> (5 bytes)
Event: 105.985 Thread 0x000001e1bf170730 nmethod 11631 0x000001e1aac58808 code [0x000001e1aac58900, 0x000001e1aac58a60]

GC Heap Usage History (20 events):
Event: 93.966 {heap Before GC invocations=27 (full 0):
 garbage-first heap   total reserved 2097152K, committed 97280K, used 83069K [0x0000000080000000, 0x0000000100000000)
  region size 1024K, 29 young (29696K), 4 survivors (4096K)
}
Event: 93.975 {heap After GC invocations=28 (full 0):
 garbage-first heap   total reserved 2097152K, committed 97280K, used 58888K [0x0000000080000000, 0x0000000100000000)
  region size 1024K, 4 young (4096K), 4 survivors (4096K)
}
Event: 95.569 {heap Before GC invocations=28 (full 0):
 garbage-first heap   total reserved 2097152K, committed 97280K, used 88584K [0x0000000080000000, 0x0000000100000000)
  region size 1024K, 33 young (33792K), 4 survivors (4096K)
}
Event: 95.580 {heap After GC invocations=29 (full 0):
 garbage-first heap   total reserved 2097152K, committed 97280K, used 58822K [0x0000000080000000, 0x0000000100000000)
  region size 1024K, 3 young (3072K), 3 survivors (3072K)
}
Event: 97.357 {heap Before GC invocations=29 (full 0):
 garbage-first heap   total reserved 2097152K, committed 97280K, used 90566K [0x0000000080000000, 0x0000000100000000)
  region size 1024K, 34 young (34816K), 3 survivors (3072K)
}
Event: 97.365 {heap After GC invocations=30 (full 0):
 garbage-first heap   total reserved 2097152K, committed 97280K, used 60611K [0x0000000080000000, 0x0000000100000000)
  region size 1024K, 4 young (4096K), 4 survivors (4096K)
}
Event: 98.888 {heap Before GC invocations=31 (full 0):
 garbage-first heap   total reserved 2097152K, committed 104448K, used 88259K [0x0000000080000000, 0x0000000100000000)
  region size 1024K, 32 young (32768K), 4 survivors (4096K)
}
Event: 98.896 {heap After GC invocations=32 (full 0):
 garbage-first heap   total reserved 2097152K, committed 104448K, used 62929K [0x0000000080000000, 0x0000000100000000)
  region size 1024K, 4 young (4096K), 4 survivors (4096K)
}
Event: 101.355 {heap Before GC invocations=32 (full 0):
 garbage-first heap   total reserved 2097152K, committed 104448K, used 96721K [0x0000000080000000, 0x0000000100000000)
  region size 1024K, 37 young (37888K), 4 survivors (4096K)
}
Event: 101.366 {heap After GC invocations=33 (full 0):
 garbage-first heap   total reserved 2097152K, committed 105472K, used 64464K [0x0000000080000000, 0x0000000100000000)
  region size 1024K, 5 young (5120K), 5 survivors (5120K)
}
Event: 102.136 {heap Before GC invocations=33 (full 0):
 garbage-first heap   total reserved 2097152K, committed 105472K, used 96208K [0x0000000080000000, 0x0000000100000000)
  region size 1024K, 37 young (37888K), 5 survivors (5120K)
}
Event: 102.150 {heap After GC invocations=34 (full 0):
 garbage-first heap   total reserved 2097152K, committed 105472K, used 66451K [0x0000000080000000, 0x0000000100000000)
  region size 1024K, 3 young (3072K), 3 survivors (3072K)
}
Event: 102.692 {heap Before GC invocations=35 (full 0):
 garbage-first heap   total reserved 2097152K, committed 112640K, used 96147K [0x0000000080000000, 0x0000000100000000)
  region size 1024K, 33 young (33792K), 3 survivors (3072K)
}
Event: 102.699 {heap After GC invocations=36 (full 0):
 garbage-first heap   total reserved 2097152K, committed 112640K, used 67428K [0x0000000080000000, 0x0000000100000000)
  region size 1024K, 4 young (4096K), 4 survivors (4096K)
}
Event: 103.108 {heap Before GC invocations=36 (full 0):
 garbage-first heap   total reserved 2097152K, committed 112640K, used 103268K [0x0000000080000000, 0x0000000100000000)
  region size 1024K, 40 young (40960K), 4 survivors (4096K)
}
Event: 103.116 {heap After GC invocations=37 (full 0):
 garbage-first heap   total reserved 2097152K, committed 112640K, used 67877K [0x0000000080000000, 0x0000000100000000)
  region size 1024K, 3 young (3072K), 3 survivors (3072K)
}
Event: 103.660 {heap Before GC invocations=37 (full 0):
 garbage-first heap   total reserved 2097152K, committed 112640K, used 81189K [0x0000000080000000, 0x0000000100000000)
  region size 1024K, 17 young (17408K), 3 survivors (3072K)
}
Event: 103.668 {heap After GC invocations=38 (full 0):
 garbage-first heap   total reserved 2097152K, committed 112640K, used 69481K [0x0000000080000000, 0x0000000100000000)
  region size 1024K, 4 young (4096K), 4 survivors (4096K)
}
Event: 105.832 {heap Before GC invocations=39 (full 0):
 garbage-first heap   total reserved 2097152K, committed 119808K, used 115561K [0x0000000080000000, 0x0000000100000000)
  region size 1024K, 39 young (39936K), 4 survivors (4096K)
}
Event: 105.847 {heap After GC invocations=40 (full 0):
 garbage-first heap   total reserved 2097152K, committed 126976K, used 85947K [0x0000000080000000, 0x0000000100000000)
  region size 1024K, 5 young (5120K), 5 survivors (5120K)
}

Metaspace Usage History (20 events):
Event: 93.966 {metaspace Before GC invocations=27 (full 0):
 Metaspace       used 69726K, committed 71552K, reserved 1114112K
  class space    used 10166K, committed 11008K, reserved 1048576K
}
Event: 93.975 {metaspace After GC invocations=28 (full 0):
 Metaspace       used 69726K, committed 71552K, reserved 1114112K
  class space    used 10166K, committed 11008K, reserved 1048576K
}
Event: 95.569 {metaspace Before GC invocations=28 (full 0):
 Metaspace       used 71626K, committed 73472K, reserved 1114112K
  class space    used 10478K, committed 11328K, reserved 1048576K
}
Event: 95.580 {metaspace After GC invocations=29 (full 0):
 Metaspace       used 71626K, committed 73472K, reserved 1114112K
  class space    used 10478K, committed 11328K, reserved 1048576K
}
Event: 97.357 {metaspace Before GC invocations=29 (full 0):
 Metaspace       used 76007K, committed 77888K, reserved 1179648K
  class space    used 11140K, committed 12032K, reserved 1048576K
}
Event: 97.365 {metaspace After GC invocations=30 (full 0):
 Metaspace       used 76007K, committed 77888K, reserved 1179648K
  class space    used 11140K, committed 12032K, reserved 1048576K
}
Event: 98.888 {metaspace Before GC invocations=31 (full 0):
 Metaspace       used 79734K, committed 81664K, reserved 1179648K
  class space    used 11702K, committed 12608K, reserved 1048576K
}
Event: 98.896 {metaspace After GC invocations=32 (full 0):
 Metaspace       used 79734K, committed 81664K, reserved 1179648K
  class space    used 11702K, committed 12608K, reserved 1048576K
}
Event: 101.355 {metaspace Before GC invocations=32 (full 0):
 Metaspace       used 82651K, committed 84608K, reserved 1179648K
  class space    used 12203K, committed 13120K, reserved 1048576K
}
Event: 101.366 {metaspace After GC invocations=33 (full 0):
 Metaspace       used 82651K, committed 84608K, reserved 1179648K
  class space    used 12203K, committed 13120K, reserved 1048576K
}
Event: 102.136 {metaspace Before GC invocations=33 (full 0):
 Metaspace       used 82991K, committed 84928K, reserved 1179648K
  class space    used 12218K, committed 13120K, reserved 1048576K
}
Event: 102.150 {metaspace After GC invocations=34 (full 0):
 Metaspace       used 82991K, committed 84928K, reserved 1179648K
  class space    used 12218K, committed 13120K, reserved 1048576K
}
Event: 102.692 {metaspace Before GC invocations=35 (full 0):
 Metaspace       used 83072K, committed 85056K, reserved 1179648K
  class space    used 12213K, committed 13120K, reserved 1048576K
}
Event: 102.699 {metaspace After GC invocations=36 (full 0):
 Metaspace       used 83072K, committed 85056K, reserved 1179648K
  class space    used 12213K, committed 13120K, reserved 1048576K
}
Event: 103.108 {metaspace Before GC invocations=36 (full 0):
 Metaspace       used 83111K, committed 85056K, reserved 1179648K
  class space    used 12214K, committed 13120K, reserved 1048576K
}
Event: 103.116 {metaspace After GC invocations=37 (full 0):
 Metaspace       used 83111K, committed 85056K, reserved 1179648K
  class space    used 12214K, committed 13120K, reserved 1048576K
}
Event: 103.661 {metaspace Before GC invocations=37 (full 0):
 Metaspace       used 83371K, committed 85312K, reserved 1179648K
  class space    used 12254K, committed 13120K, reserved 1048576K
}
Event: 103.668 {metaspace After GC invocations=38 (full 0):
 Metaspace       used 83371K, committed 85312K, reserved 1179648K
  class space    used 12254K, committed 13120K, reserved 1048576K
}
Event: 105.832 {metaspace Before GC invocations=39 (full 0):
 Metaspace       used 85265K, committed 87296K, reserved 1179648K
  class space    used 12504K, committed 13440K, reserved 1048576K
}
Event: 105.847 {metaspace After GC invocations=40 (full 0):
 Metaspace       used 85265K, committed 87296K, reserved 1179648K
  class space    used 12504K, committed 13440K, reserved 1048576K
}

Dll operation events (3 events):
Event: 0.052 Loaded shared library C:\Program Files\Android\Android Studio4\jbr\bin\java.dll
Event: 0.073 Loaded shared library C:\Program Files\Android\Android Studio4\jbr\bin\zip.dll
Event: 5.210 Loaded shared library C:\Program Files\Android\Android Studio4\jbr\bin\verify.dll

Deoptimization events (20 events):
Event: 105.646 Thread 0x000001e1c51687e0 DEOPT PACKING pc=0x000001e1b28af548 sp=0x00000036c69f6690
Event: 105.646 Thread 0x000001e1c51687e0 DEOPT UNPACKING pc=0x000001e1b2088182 sp=0x00000036c69f6628 mode 2
Event: 105.653 Thread 0x000001e1c51687e0 Uncommon trap: trap_request=0xffffffc6 fr.pc=0x000001e1b28af548 relative=0x0000000000000448
Event: 105.653 Thread 0x000001e1c51687e0 Uncommon trap: reason=bimorphic_or_optimized_type_check action=maybe_recompile pc=0x000001e1b28af548 method=com.google.common.cache.LocalCache$Segment.getEntry(Ljava/lang/Object;I)Lcom/google/common/cache/ReferenceEntry; @ 24 c2
Event: 105.653 Thread 0x000001e1c51687e0 DEOPT PACKING pc=0x000001e1b28af548 sp=0x00000036c69f6690
Event: 105.653 Thread 0x000001e1c51687e0 DEOPT UNPACKING pc=0x000001e1b2088182 sp=0x00000036c69f6628 mode 2
Event: 105.662 Thread 0x000001e1c51687e0 Uncommon trap: trap_request=0xffffffc6 fr.pc=0x000001e1b28af548 relative=0x0000000000000448
Event: 105.662 Thread 0x000001e1c51687e0 Uncommon trap: reason=bimorphic_or_optimized_type_check action=maybe_recompile pc=0x000001e1b28af548 method=com.google.common.cache.LocalCache$Segment.getEntry(Ljava/lang/Object;I)Lcom/google/common/cache/ReferenceEntry; @ 24 c2
Event: 105.662 Thread 0x000001e1c51687e0 DEOPT PACKING pc=0x000001e1b28af548 sp=0x00000036c69f6690
Event: 105.662 Thread 0x000001e1c51687e0 DEOPT UNPACKING pc=0x000001e1b2088182 sp=0x00000036c69f6628 mode 2
Event: 105.669 Thread 0x000001e1c51687e0 Uncommon trap: trap_request=0xffffffc6 fr.pc=0x000001e1b28af548 relative=0x0000000000000448
Event: 105.669 Thread 0x000001e1c51687e0 Uncommon trap: reason=bimorphic_or_optimized_type_check action=maybe_recompile pc=0x000001e1b28af548 method=com.google.common.cache.LocalCache$Segment.getEntry(Ljava/lang/Object;I)Lcom/google/common/cache/ReferenceEntry; @ 24 c2
Event: 105.669 Thread 0x000001e1c51687e0 DEOPT PACKING pc=0x000001e1b28af548 sp=0x00000036c69f67a0
Event: 105.669 Thread 0x000001e1c51687e0 DEOPT UNPACKING pc=0x000001e1b2088182 sp=0x00000036c69f6738 mode 2
Event: 105.762 Thread 0x000001e1c51687e0 Uncommon trap: trap_request=0xffffffde fr.pc=0x000001e1b26e677c relative=0x000000000000105c
Event: 105.762 Thread 0x000001e1c51687e0 Uncommon trap: reason=class_check action=maybe_recompile pc=0x000001e1b26e677c method=java.util.jar.JarFile.getManifestFromReference()Ljava/util/jar/Manifest; @ 152 c2
Event: 105.762 Thread 0x000001e1c51687e0 DEOPT PACKING pc=0x000001e1b26e677c sp=0x00000036c69f3f40
Event: 105.762 Thread 0x000001e1c51687e0 DEOPT UNPACKING pc=0x000001e1b2088182 sp=0x00000036c69f3ee0 mode 2
Event: 105.986 Thread 0x000001e1c51687e0 DEOPT PACKING pc=0x000001e1aaf095a2 sp=0x00000036c69f4db0
Event: 105.986 Thread 0x000001e1c51687e0 DEOPT UNPACKING pc=0x000001e1b1fc1702 sp=0x00000036c69f42c0 mode 0

Classes loaded (20 events):
Event: 103.218 Loading class java/io/FileBeanInfo
Event: 103.218 Loading class java/io/FileBeanInfo done
Event: 103.218 Loading class java/io/FileBeanInfo
Event: 103.218 Loading class java/io/FileBeanInfo done
Event: 103.219 Loading class java/io/FileCustomizer
Event: 103.219 Loading class java/io/FileCustomizer done
Event: 103.220 Loading class java/io/FileCustomizer
Event: 103.220 Loading class java/io/FileCustomizer done
Event: 103.336 Loading class java/util/AbstractCollectionBeanInfo
Event: 103.336 Loading class java/util/AbstractCollectionBeanInfo done
Event: 103.336 Loading class java/util/AbstractCollectionBeanInfo
Event: 103.336 Loading class java/util/AbstractCollectionBeanInfo done
Event: 103.336 Loading class java/util/AbstractCollectionCustomizer
Event: 103.336 Loading class java/util/AbstractCollectionCustomizer done
Event: 103.337 Loading class java/util/AbstractCollectionCustomizer
Event: 103.337 Loading class java/util/AbstractCollectionCustomizer done
Event: 103.384 Loading class java/util/stream/SortedOps$RefSortingSink
Event: 103.384 Loading class java/util/stream/SortedOps$RefSortingSink done
Event: 103.398 Loading class java/time/Ser
Event: 103.398 Loading class java/time/Ser done

Classes unloaded (20 events):
Event: 89.296 Thread 0x000001e1bf0f0120 Unloading class 0x0000000022974000 '_BuildScript_'
Event: 92.330 Thread 0x000001e1bf0f0120 Unloading class 0x0000000022a81430 '_BuildScript_$_run_closure1$_closure2$_closure4'
Event: 92.330 Thread 0x000001e1bf0f0120 Unloading class 0x0000000022a81000 '_BuildScript_$_run_closure1$_closure2$_closure3'
Event: 92.330 Thread 0x000001e1bf0f0120 Unloading class 0x0000000022a80960 '_BuildScript_$_run_closure1$_closure2'
Event: 92.330 Thread 0x000001e1bf0f0120 Unloading class 0x0000000022a80538 '_BuildScript_$_run_closure1'
Event: 92.330 Thread 0x000001e1bf0f0120 Unloading class 0x0000000022a80000 '_BuildScript_'
Event: 97.483 Thread 0x000001e1bf0f0120 Unloading class 0x0000000022a9c428 '_BuildScript_$_run_closure1$_closure3'
Event: 97.483 Thread 0x000001e1bf0f0120 Unloading class 0x0000000022a9c000 '_BuildScript_$_run_closure1$_closure2'
Event: 97.483 Thread 0x000001e1bf0f0120 Unloading class 0x0000000022a9b960 '_BuildScript_$_run_closure1'
Event: 97.483 Thread 0x000001e1bf0f0120 Unloading class 0x0000000022a9b428 '_BuildScript_'
Event: 97.483 Thread 0x000001e1bf0f0120 Unloading class 0x0000000022a9b000 'KotlinCoroutineJvmDebugArgumentsProvider$_asArguments_closure1'
Event: 97.483 Thread 0x000001e1bf0f0120 Unloading class 0x0000000022a9aa40 'KotlinCoroutineJvmDebugArgumentsProvider'
Event: 97.483 Thread 0x000001e1bf0f0120 Unloading class 0x0000000022a9a800 'Properties'
Event: 97.483 Thread 0x000001e1bf0f0120 Unloading class 0x0000000022a98960 '_BuildScript_$_run_closure1$_closure2'
Event: 97.483 Thread 0x000001e1bf0f0120 Unloading class 0x0000000022a98538 '_BuildScript_$_run_closure1'
Event: 97.483 Thread 0x000001e1bf0f0120 Unloading class 0x0000000022a98000 '_BuildScript_'
Event: 102.273 Thread 0x000001e1bf0f0120 Unloading class 0x0000000022a9f860 '_BuildScript_'
Event: 102.273 Thread 0x000001e1bf0f0120 Unloading class 0x0000000022a9f430 'SetupUtpTestResultListenerAction$_execute_closure1$_closure2'
Event: 102.273 Thread 0x000001e1bf0f0120 Unloading class 0x0000000022a9f000 'SetupUtpTestResultListenerAction$_execute_closure1'
Event: 102.273 Thread 0x000001e1bf0f0120 Unloading class 0x0000000022a9ec00 'SetupUtpTestResultListenerAction'

Classes redefined (0 events):
No events

Internal exceptions (20 events):
Event: 105.939 Thread 0x000001e1c51687e0 Exception <a 'sun/nio/fs/WindowsException'{0x00000000ffe96b80}> (0x00000000ffe96b80) 
thrown [s\src\hotspot\share\prims\jni.cpp, line 535]
Event: 105.942 Thread 0x000001e1c51687e0 Exception <a 'sun/nio/fs/WindowsException'{0x00000000ffea86a0}> (0x00000000ffea86a0) 
thrown [s\src\hotspot\share\prims\jni.cpp, line 535]
Event: 105.944 Thread 0x000001e1c51687e0 Exception <a 'sun/nio/fs/WindowsException'{0x00000000ffeb55d0}> (0x00000000ffeb55d0) 
thrown [s\src\hotspot\share\prims\jni.cpp, line 535]
Event: 105.947 Thread 0x000001e1c51687e0 Exception <a 'sun/nio/fs/WindowsException'{0x00000000ffec3a28}> (0x00000000ffec3a28) 
thrown [s\src\hotspot\share\prims\jni.cpp, line 535]
Event: 105.952 Thread 0x000001e1c51687e0 Exception <a 'sun/nio/fs/WindowsException'{0x00000000ffef6620}> (0x00000000ffef6620) 
thrown [s\src\hotspot\share\prims\jni.cpp, line 535]
Event: 105.956 Thread 0x000001e1c51687e0 Exception <a 'sun/nio/fs/WindowsException'{0x0000000087205af0}> (0x0000000087205af0) 
thrown [s\src\hotspot\share\prims\jni.cpp, line 535]
Event: 105.959 Thread 0x000001e1c51687e0 Exception <a 'sun/nio/fs/WindowsException'{0x000000008721e210}> (0x000000008721e210) 
thrown [s\src\hotspot\share\prims\jni.cpp, line 535]
Event: 105.962 Thread 0x000001e1c51687e0 Exception <a 'sun/nio/fs/WindowsException'{0x000000008723a158}> (0x000000008723a158) 
thrown [s\src\hotspot\share\prims\jni.cpp, line 535]
Event: 105.966 Thread 0x000001e1c51687e0 Exception <a 'sun/nio/fs/WindowsException'{0x000000008724a1d0}> (0x000000008724a1d0) 
thrown [s\src\hotspot\share\prims\jni.cpp, line 535]
Event: 105.970 Thread 0x000001e1c51687e0 Exception <a 'sun/nio/fs/WindowsException'{0x0000000087259ba0}> (0x0000000087259ba0) 
thrown [s\src\hotspot\share\prims\jni.cpp, line 535]
Event: 105.977 Thread 0x000001e1c51687e0 Exception <a 'sun/nio/fs/WindowsException'{0x0000000087278440}> (0x0000000087278440) 
thrown [s\src\hotspot\share\prims\jni.cpp, line 535]
Event: 105.984 Thread 0x000001e1c51687e0 Exception <a 'sun/nio/fs/WindowsException'{0x000000008729b488}> (0x000000008729b488) 
thrown [s\src\hotspot\share\prims\jni.cpp, line 535]
Event: 105.987 Thread 0x000001e1c51687e0 Exception <a 'sun/nio/fs/WindowsException'{0x00000000872ac580}> (0x00000000872ac580) 
thrown [s\src\hotspot\share\prims\jni.cpp, line 535]
Event: 105.989 Thread 0x000001e1c51687e0 Exception <a 'sun/nio/fs/WindowsException'{0x00000000872bc0f0}> (0x00000000872bc0f0) 
thrown [s\src\hotspot\share\prims\jni.cpp, line 535]
Event: 105.992 Thread 0x000001e1c51687e0 Exception <a 'sun/nio/fs/WindowsException'{0x00000000872caa98}> (0x00000000872caa98) 
thrown [s\src\hotspot\share\prims\jni.cpp, line 535]
Event: 105.994 Thread 0x000001e1c51687e0 Exception <a 'sun/nio/fs/WindowsException'{0x00000000872dc060}> (0x00000000872dc060) 
thrown [s\src\hotspot\share\prims\jni.cpp, line 535]
Event: 105.996 Thread 0x000001e1c51687e0 Exception <a 'sun/nio/fs/WindowsException'{0x00000000872ecd80}> (0x00000000872ecd80) 
thrown [s\src\hotspot\share\prims\jni.cpp, line 535]
Event: 105.998 Thread 0x000001e1c51687e0 Exception <a 'sun/nio/fs/WindowsException'{0x00000000872f9fa8}> (0x00000000872f9fa8) 
thrown [s\src\hotspot\share\prims\jni.cpp, line 535]
Event: 106.003 Thread 0x000001e1c51687e0 Exception <a 'sun/nio/fs/WindowsException'{0x0000000087122160}> (0x0000000087122160) 
thrown [s\src\hotspot\share\prims\jni.cpp, line 535]
Event: 106.015 Thread 0x000001e1c51687e0 Exception <a 'sun/nio/fs/WindowsException'{0x0000000087159840}> (0x0000000087159840) 
thrown [s\src\hotspot\share\prims\jni.cpp, line 535]

VM Operations (20 events):
Event: 101.355 Executing safepoint VM operation: G1CollectForAllocation (G1 Evacuation Pause)
Event: 101.366 Executing safepoint VM operation: G1CollectForAllocation (G1 Evacuation Pause) done
Event: 102.135 Executing safepoint VM operation: G1CollectForAllocation (G1 Evacuation Pause)
Event: 102.150 Executing safepoint VM operation: G1CollectForAllocation (G1 Evacuation Pause) done
Event: 102.267 Executing safepoint VM operation: G1PauseRemark
Event: 102.286 Executing safepoint VM operation: G1PauseRemark done
Event: 102.334 Executing safepoint VM operation: G1PauseCleanup
Event: 102.334 Executing safepoint VM operation: G1PauseCleanup done
Event: 102.692 Executing safepoint VM operation: G1CollectForAllocation (G1 Evacuation Pause)
Event: 102.699 Executing safepoint VM operation: G1CollectForAllocation (G1 Evacuation Pause) done
Event: 103.108 Executing safepoint VM operation: G1CollectForAllocation (G1 Evacuation Pause)
Event: 103.116 Executing safepoint VM operation: G1CollectForAllocation (G1 Evacuation Pause) done
Event: 103.660 Executing safepoint VM operation: G1TryInitiateConcMark (G1 Humongous Allocation)
Event: 103.668 Executing safepoint VM operation: G1TryInitiateConcMark (G1 Humongous Allocation) done
Event: 103.797 Executing safepoint VM operation: G1PauseRemark
Event: 103.807 Executing safepoint VM operation: G1PauseRemark done
Event: 103.866 Executing safepoint VM operation: G1PauseCleanup
Event: 103.866 Executing safepoint VM operation: G1PauseCleanup done
Event: 105.831 Executing safepoint VM operation: G1CollectForAllocation (G1 Evacuation Pause)
Event: 105.847 Executing safepoint VM operation: G1CollectForAllocation (G1 Evacuation Pause) done

Memory protections (0 events):
No events

Nmethod flushes (20 events):
Event: 103.804 Thread 0x000001e1bf0f0120 flushing  nmethod 0x000001e1aae36b88
Event: 103.804 Thread 0x000001e1bf0f0120 flushing  nmethod 0x000001e1aae94008
Event: 103.804 Thread 0x000001e1bf0f0120 flushing  nmethod 0x000001e1aaed8108
Event: 103.804 Thread 0x000001e1bf0f0120 flushing  nmethod 0x000001e1aaedc188
Event: 103.804 Thread 0x000001e1bf0f0120 flushing  nmethod 0x000001e1aaf01b08
Event: 103.804 Thread 0x000001e1bf0f0120 flushing  nmethod 0x000001e1aaf1ff88
Event: 103.804 Thread 0x000001e1bf0f0120 flushing  nmethod 0x000001e1ab004808
Event: 103.804 Thread 0x000001e1bf0f0120 flushing  nmethod 0x000001e1ab02f888
Event: 103.804 Thread 0x000001e1bf0f0120 flushing  nmethod 0x000001e1ab036e08
Event: 103.804 Thread 0x000001e1bf0f0120 flushing  nmethod 0x000001e1ab281d08
Event: 103.804 Thread 0x000001e1bf0f0120 flushing  nmethod 0x000001e1ab2c6508
Event: 103.804 Thread 0x000001e1bf0f0120 flushing  nmethod 0x000001e1ab2e1d88
Event: 103.804 Thread 0x000001e1bf0f0120 flushing  nmethod 0x000001e1ab2e3288
Event: 103.804 Thread 0x000001e1bf0f0120 flushing  nmethod 0x000001e1ab2e3588
Event: 103.804 Thread 0x000001e1bf0f0120 flushing  nmethod 0x000001e1ab2e4408
Event: 103.804 Thread 0x000001e1bf0f0120 flushing  nmethod 0x000001e1ab304508
Event: 103.805 Thread 0x000001e1bf0f0120 flushing  nmethod 0x000001e1ab3ae208
Event: 103.805 Thread 0x000001e1bf0f0120 flushing  nmethod 0x000001e1ab466a88
Event: 103.805 Thread 0x000001e1bf0f0120 flushing  nmethod 0x000001e1ab50c988
Event: 103.805 Thread 0x000001e1bf0f0120 flushing  nmethod 0x000001e1ab50d388

Events (20 events):
Event: 27.770 Thread 0x000001e1c51687e0 Thread added: 0x000001e1c671f650
Event: 29.933 Thread 0x000001e1c51687e0 Thread added: 0x000001e1c671d710
Event: 30.084 Thread 0x000001e1c51687e0 Thread added: 0x000001e1c6721d60
Event: 33.111 Thread 0x000001e1c51687e0 Thread added: 0x000001e1c67205f0
Event: 43.795 Thread 0x000001e1c51687e0 Thread added: 0x000001e1c6722530
Event: 72.031 Thread 0x000001e1c51687e0 Thread added: 0x000001e1c72eb000
Event: 81.006 Thread 0x000001e1c51687e0 Thread added: 0x000001e1c72ecf40
Event: 81.039 Thread 0x000001e1c51687e0 Thread added: 0x000001e1c72ea060
Event: 81.183 Thread 0x000001e1c51687e0 Thread added: 0x000001e1c72eee80
Event: 81.434 Thread 0x000001e1c51687e0 Thread added: 0x000001e1c72ef650
Event: 83.955 Thread 0x000001e1c51687e0 Thread added: 0x000001e1bf469d10
Event: 83.962 Thread 0x000001e1c51687e0 Thread added: 0x000001e1c4a238a0
Event: 83.969 Thread 0x000001e1c51687e0 Thread added: 0x000001e1c4a24070
Event: 85.264 Thread 0x000001e1c51687e0 Thread added: 0x000001e1c4a25010
Event: 88.977 Thread 0x000001e1c51687e0 Thread added: 0x000001e1c4a230d0
Event: 90.449 Thread 0x000001e1c51687e0 Thread added: 0x000001e1c4a27720
Event: 91.628 Thread 0x000001e1c51687e0 Thread added: 0x000001e1c4a27ef0
Event: 92.935 Thread 0x000001e1c51687e0 Thread added: 0x000001e1bfa42c10
Event: 93.500 Thread 0x000001e1c51687e0 Thread added: 0x000001e1bfa414a0
Event: 97.896 Thread 0x000001e1c51687e0 Thread added: 0x000001e1bfa43bb0


Dynamic libraries:
0x00007ff7bce20000 - 0x00007ff7bce2a000 	C:\Program Files\Android\Android Studio4\jbr\bin\java.exe
0x00007ffc75da0000 - 0x00007ffc76007000 	C:\Windows\SYSTEM32\ntdll.dll
0x00007ffc74d40000 - 0x00007ffc74e0b000 	C:\Windows\System32\KERNEL32.DLL
0x00007ffc73160000 - 0x00007ffc73562000 	C:\Windows\System32\KERNELBASE.dll
0x00007ffc73960000 - 0x00007ffc73aac000 	C:\Windows\System32\ucrtbase.dll
0x00007ffc628f0000 - 0x00007ffc62906000 	C:\Program Files\Android\Android Studio4\jbr\bin\jli.dll
0x00007ffc75560000 - 0x00007ffc7572f000 	C:\Windows\System32\USER32.dll
0x00007ffc73570000 - 0x00007ffc73597000 	C:\Windows\System32\win32u.dll
0x00007ffc75a50000 - 0x00007ffc75a7b000 	C:\Windows\System32\GDI32.dll
0x00007ffc695f0000 - 0x00007ffc6960b000 	C:\Program Files\Android\Android Studio4\jbr\bin\VCRUNTIME140.dll
0x00007ffc73030000 - 0x00007ffc73159000 	C:\Windows\System32\gdi32full.dll
0x00007ffc737f0000 - 0x00007ffc73893000 	C:\Windows\System32\msvcp_win.dll
0x00007ffc52730000 - 0x00007ffc529c0000 	C:\Windows\WinSxS\amd64_microsoft.windows.common-controls_6595b64144ccf1df_6.0.26100.9278_none_3e0d1ba8e3303201\COMCTL32.dll
0x00007ffc754b0000 - 0x00007ffc75559000 	C:\Windows\System32\msvcrt.dll
0x00007ffc74180000 - 0x00007ffc741b1000 	C:\Windows\System32\IMM32.DLL
0x00007ffc695e0000 - 0x00007ffc695ec000 	C:\Program Files\Android\Android Studio4\jbr\bin\vcruntime140_1.dll
0x00007ffc0e9d0000 - 0x00007ffc0ea5d000 	C:\Program Files\Android\Android Studio4\jbr\bin\msvcp140.dll
0x00007ffbeee40000 - 0x00007ffbefd1a000 	C:\Program Files\Android\Android Studio4\jbr\bin\server\jvm.dll
0x00007ffc74af0000 - 0x00007ffc74bac000 	C:\Windows\System32\ADVAPI32.dll
0x00007ffc749f0000 - 0x00007ffc74a99000 	C:\Windows\System32\sechost.dll
0x00007ffc75b40000 - 0x00007ffc75c58000 	C:\Windows\System32\RPCRT4.dll
0x00007ffc752a0000 - 0x00007ffc75320000 	C:\Windows\System32\WS2_32.dll
0x00007ffc72d50000 - 0x00007ffc72dae000 	C:\Windows\SYSTEM32\POWRPROF.dll
0x00007ffc6a6b0000 - 0x00007ffc6a6bb000 	C:\Windows\SYSTEM32\VERSION.dll
0x00007ffc63ed0000 - 0x00007ffc63f06000 	C:\Windows\SYSTEM32\WINMM.dll
0x00007ffc72d30000 - 0x00007ffc72d45000 	C:\Windows\SYSTEM32\UMPDC.dll
0x00007ffc71c60000 - 0x00007ffc71c7b000 	C:\Windows\SYSTEM32\kernel.appcore.dll
0x00007ffc69590000 - 0x00007ffc6959a000 	C:\Program Files\Android\Android Studio4\jbr\bin\jimage.dll
0x00007ffc705c0000 - 0x00007ffc7080c000 	C:\Windows\SYSTEM32\DBGHELP.DLL
0x00007ffc73ac0000 - 0x00007ffc73e45000 	C:\Windows\System32\combase.dll
0x00007ffc74c60000 - 0x00007ffc74d39000 	C:\Windows\System32\OLEAUT32.dll
0x00007ffc6d490000 - 0x00007ffc6d4cb000 	C:\Windows\SYSTEM32\dbgcore.DLL
0x00007ffc73730000 - 0x00007ffc737dc000 	C:\Windows\System32\bcryptPrimitives.dll
0x00007ffc69690000 - 0x00007ffc6969e000 	C:\Program Files\Android\Android Studio4\jbr\bin\instrument.dll
0x00007ffc62930000 - 0x00007ffc6294f000 	C:\Program Files\Android\Android Studio4\jbr\bin\java.dll
0x00007ffc73fe0000 - 0x00007ffc7417a000 	C:\Windows\System32\ole32.dll
0x00007ffc741d0000 - 0x00007ffc74968000 	C:\Windows\System32\SHELL32.dll
0x00007ffc62300000 - 0x00007ffc62317000 	C:\Program Files\Android\Android Studio4\jbr\bin\zip.dll
0x00007ffc70a00000 - 0x00007ffc712ae000 	C:\Windows\SYSTEM32\windows.storage.dll
0x00007ffc75330000 - 0x00007ffc7542b000 	C:\Windows\System32\SHCORE.dll
0x00007ffc759e0000 - 0x00007ffc75a46000 	C:\Windows\System32\shlwapi.dll
0x00007ffc72ec0000 - 0x00007ffc72ee9000 	C:\Windows\SYSTEM32\profapi.dll
0x00007ffc68100000 - 0x00007ffc68110000 	C:\Program Files\Android\Android Studio4\jbr\bin\net.dll
0x00007ffc72220000 - 0x00007ffc7228c000 	C:\Windows\system32\mswsock.dll
0x00007ffc258e0000 - 0x00007ffc258f6000 	C:\Program Files\Android\Android Studio4\jbr\bin\nio.dll
0x00007ffc5e390000 - 0x00007ffc5e3a0000 	C:\Program Files\Android\Android Studio4\jbr\bin\verify.dll
0x00007ffc5e3a0000 - 0x00007ffc5e3c7000 	C:\Users\LENOVO\.gradle\native\660c5614fbf4a5f2a75b1949f50a0caf5cd603558e7d8a26e50b933a0cfb79d1\windows-amd64\native-platform.dll
0x00007ffc19810000 - 0x00007ffc19887000 	C:\Users\LENOVO\.gradle\native\0.2.8\x86_64-windows-gnu\gradle-fileevents.dll
0x00007ffc61ae0000 - 0x00007ffc61ae9000 	C:\Program Files\Android\Android Studio4\jbr\bin\management.dll
0x00007ffc60a60000 - 0x00007ffc60a6b000 	C:\Program Files\Android\Android Studio4\jbr\bin\management_ext.dll
0x00007ffc759d0000 - 0x00007ffc759d8000 	C:\Windows\System32\PSAPI.DLL
0x00007ffc71620000 - 0x00007ffc71653000 	C:\Windows\SYSTEM32\IPHLPAPI.DLL
0x00007ffc74bc0000 - 0x00007ffc74bca000 	C:\Windows\System32\NSI.dll
0x00007ffc62460000 - 0x00007ffc62469000 	C:\Program Files\Android\Android Studio4\jbr\bin\extnet.dll
0x00007ffc72530000 - 0x00007ffc7254b000 	C:\Windows\SYSTEM32\CRYPTSP.dll
0x00007ffc71bc0000 - 0x00007ffc71bf9000 	C:\Windows\system32\rsaenh.dll
0x00007ffc722d0000 - 0x00007ffc72304000 	C:\Windows\SYSTEM32\USERENV.dll
0x00007ffc72e90000 - 0x00007ffc72eba000 	C:\Windows\SYSTEM32\bcrypt.dll
0x00007ffc72510000 - 0x00007ffc7251c000 	C:\Windows\SYSTEM32\CRYPTBASE.dll
0x00007ffc37cd0000 - 0x00007ffc37cd8000 	C:\Windows\system32\wshunix.dll

JVMTI agents:
C:\Users\LENOVO\.gradle\wrapper\dists\gradle-9.5.0-bin\bvnork1r7n8i6kp5cnkibsc9q\gradle-9.5.0\lib\agents\gradle-instrumentation-agent-9.5.0.jar path:C:\Program Files\Android\Android Studio4\jbr\bin\instrument.dll, loaded, initialized, instrumentlib options:none

dbghelp: loaded successfully - version: 4.0.5 - missing functions: none
symbol engine: initialized successfully - sym options: 0x614 - pdb path: .;C:\Program Files\Android\Android Studio4\jbr\bin;C:\Windows\SYSTEM32;C:\Windows\WinSxS\amd64_microsoft.windows.common-controls_6595b64144ccf1df_6.0.26100.9278_none_3e0d1ba8e3303201;C:\Program Files\Android\Android Studio4\jbr\bin\server;C:\Users\LENOVO\.gradle\native\660c5614fbf4a5f2a75b1949f50a0caf5cd603558e7d8a26e50b933a0cfb79d1\windows-amd64;C:\Users\LENOVO\.gradle\native\0.2.8\x86_64-windows-gnu

VM Arguments:
jvm_args: --add-opens=java.base/java.lang=ALL-UNNAMED --add-opens=java.base/java.lang.invoke=ALL-UNNAMED --add-opens=java.base/java.util=ALL-UNNAMED --add-opens=java.prefs/java.util.prefs=ALL-UNNAMED --add-exports=jdk.compiler/com.sun.tools.javac.api=ALL-UNNAMED --add-exports=jdk.compiler/com.sun.tools.javac.util=ALL-UNNAMED --add-opens=java.base/java.nio.charset=ALL-UNNAMED --add-opens=java.base/java.net=ALL-UNNAMED --add-opens=java.base/java.util.concurrent=ALL-UNNAMED --add-opens=java.base/java.util.concurrent.atomic=ALL-UNNAMED --add-opens=java.xml/javax.xml.namespace=ALL-UNNAMED --add-opens=java.base/java.time=ALL-UNNAMED --enable-native-access=ALL-UNNAMED -Xmx2048m -Dfile.encoding=UTF-8 -Duser.country=US -Duser.language=en -Duser.variant -javaagent:C:\Users\LENOVO\.gradle\wrapper\dists\gradle-9.5.0-bin\bvnork1r7n8i6kp5cnkibsc9q\gradle-9.5.0\lib\agents\gradle-instrumentation-agent-9.5.0.jar 
java_command: org.gradle.launcher.daemon.bootstrap.GradleDaemon 9.5.0
java_class_path (initial): C:\Users\LENOVO\.gradle\wrapper\dists\gradle-9.5.0-bin\bvnork1r7n8i6kp5cnkibsc9q\gradle-9.5.0\lib\gradle-daemon-main-9.5.0.jar
Launcher Type: SUN_STANDARD

[Global flags]
     intx CICompilerCount                          = 4                                         {product} {ergonomic}
     uint ConcGCThreads                            = 2                                         {product} {ergonomic}
     uint G1ConcRefinementThreads                  = 8                                         {product} {ergonomic}
   size_t G1HeapRegionSize                         = 1048576                                   {product} {ergonomic}
   size_t InitialHeapSize                          = 98566144                                  {product} {ergonomic}
   size_t MarkStackSize                            = 4194304                                   {product} {ergonomic}
   size_t MarkStackSizeMax                         = 536870912                                 {product} {ergonomic}
   size_t MaxHeapSize                              = 2147483648                                {product} {command line}
   size_t MaxNewSize                               = 1287651328                                {product} {ergonomic}
   size_t MinHeapDeltaBytes                        = 1048576                                   {product} {ergonomic}
   size_t MinHeapSize                              = 8388608                                   {product} {ergonomic}
    uintx NonNMethodCodeHeapSize                   = 5832704                                {pd product} {ergonomic}
    uintx NonProfiledCodeHeapSize                  = 122945536                              {pd product} {ergonomic}
    uintx ProfiledCodeHeapSize                     = 122880000                              {pd product} {ergonomic}
    uintx ReservedCodeCacheSize                    = 251658240                              {pd product} {ergonomic}
     bool SegmentedCodeCache                       = true                                      {product} {ergonomic}
   size_t SoftMaxHeapSize                          = 2147483648                             {manageable} {ergonomic}
     bool UseCompressedOops                        = true                           {product lp64_product} {ergonomic}
     bool UseG1GC                                  = true                                      {product} {ergonomic}
     bool UseLargePagesIndividualAllocation        = false                                  {pd product} {ergonomic}

Logging:
Log output configuration:
 #0: stdout all=warning uptime,level,tags foldmultilines=false
 #1: stderr all=off uptime,level,tags foldmultilines=false

Release file:
JAVA_VERSION="25.0.2" 
MODULES="java.base java.compiler java.datatransfer java.xml java.prefs java.desktop java.instrument java.logging java.management java.security.sasl java.naming java.rmi java.management.rmi java.net.http java.scripting java.security.jgss java.transaction.xa java.sql java.sql.rowset java.xml.crypto java.se java.smartcardio jdk.accessibility jdk.internal.jvmstat jdk.attach jdk.charsets jdk.internal.opt jdk.zipfs jdk.compiler jdk.crypto.cryptoki jdk.crypto.ec jdk.dynalink jdk.hotspot.agent jdk.httpserver jdk.internal.ed jdk.internal.le jdk.internal.md jdk.internal.vm.ci jdk.jartool jdk.javadoc jdk.jcmd jdk.jdeps jdk.jdwp.agent jdk.jdi jdk.jfr jdk.jlink jdk.localedata jdk.management jdk.management.agent jdk.management.jfr jdk.naming.dns jdk.naming.rmi jdk.net jdk.sctp jdk.security.auth jdk.security.jgss jdk.unsupported jdk.unsupported.desktop jdk.xml.dom" 
IMPLEMENTOR="JetBrains s.r.o." 
JAVA_RUNTIME_VERSION="25.0.2+-15348964-b329.117" 
LIBC="default" 
OS_ARCH="x86_64" 
OS_NAME="Windows" 
SOURCE=".:git:3cf398e84a39" 

Environment Variables:
PATH=C:\Windows\system32;C:\Windows;C:\Windows\System32\Wbem;C:\Windows\System32\WindowsPowerShell\v1.0\;C:\Windows\System32\OpenSSH\;C:\Program Files\nodejs\;C:\Program Files\Git\cmd;C:\Users\LENOVO\AppData\Local\Microsoft\WindowsApps;C:\Users\LENOVO\AppData\Local\Programs\Microsoft VS Code\bin;C:\Users\LENOVO\AppData\Roaming\npm;C:\Users\LENOVO\AppData\Local\Programs\Antigravity IDE\bin
USERNAME=LENOVO
OS=Windows_NT
PROCESSOR_IDENTIFIER=AMD64 Family 23 Model 160 Stepping 0, AuthenticAMD
TMP=C:\Users\LENOVO\AppData\Local\Temp
TEMP=C:\Users\LENOVO\AppData\Local\Temp




Compilation memory statistics disabled.

Periodic native trim disabled

JNI global refs:
JNI global refs: 23, weak refs: 1

JNI global refs memory usage: 835, weak refs: 833

Process memory usage:
Resident Set Size: 323204K (5% of 6108668K total physical memory with 124256K free physical memory)

OOME stack traces (most recent first):
Classloader memory used:
Loader org.gradle.internal.classloader.VisitableURLClassLoader                         : 46017 K
Loader bootstrap                                                                       : 24700 K
Loader org.gradle.initialization.MixInLegacyTypesClassLoader                           : 12272 K
Loader org.gradle.internal.classloader.VisitableURLClassLoader$InstrumentingVisitableURLClassLoader: 1951 K
Loader jdk.internal.loader.ClassLoaders$PlatformClassLoader                            : 376 K
Loader jdk.internal.loader.ClassLoaders$AppClassLoader                                 : 186 K
Loader org.gradle.internal.classloader.VisitableURLClassLoader                         : 145 K
Loader org.gradle.groovy.scripts.internal.DefaultScriptCompilationHandler$ScriptClassLoader: 116 K

Classes loaded by more than one classloader:
Class Program                                                                         : loaded 4 times (x 76B)
Class org.gradle.internal.classloader.FilteringClassLoader                            : loaded 2 times (x 106B)
Class org.gradle.internal.classloader.ClassLoaderHierarchy                            : loaded 2 times (x 72B)
Class com.google.common.collect.RegularImmutableMap                                   : loaded 2 times (x 122B)
Class com.google.common.collect.ImmutableMap$MapViewOfValuesAsSingletonSets           : loaded 2 times (x 128B)
Class org.gradle.internal.classloader.DefaultClassLoaderFactory                       : loaded 2 times (x 84B)
Class [Lcom.google.common.collect.ImmutableMapEntry;                                  : loaded 2 times (x 71B)
Class com.google.common.collect.ImmutableEnumMap                                      : loaded 2 times (x 128B)
Class org.gradle.api.internal.DefaultClassPathProvider                                : loaded 2 times (x 78B)
Class [Lorg.gradle.api.internal.ClassPathProvider;                                    : loaded 2 times (x 71B)
Class org.gradle.api.internal.ClassPathProvider                                       : loaded 2 times (x 72B)
Class org.gradle.internal.service.UnknownServiceException                             : loaded 2 times (x 85B)
Class com.google.common.collect.MapDifference                                         : loaded 2 times (x 72B)
Class ijKotlinCoroutineJvmDebugInit2_89e9bwqrd74j8wlc9mntkjof1                        : loaded 2 times (x 173B)
Class org.gradle.internal.classpath.TransformedClassPath                              : loaded 2 times (x 98B)
Class org.gradle.internal.classloader.InstrumentingClassLoader                        : loaded 2 times (x 72B)
Class com.google.common.collect.ImmutableCollection$Builder                           : loaded 2 times (x 78B)
Class com.google.common.collect.UnmodifiableIterator                                  : loaded 2 times (x 82B)
Class org.gradle.internal.service.ServiceLocator                                      : loaded 2 times (x 72B)
Class com.google.common.collect.AbstractMapEntry                                      : loaded 2 times (x 83B)
Class org.gradle.kotlin.dsl.VersionCatalogAccessorsKt                                 : loaded 2 times (x 73B)
Class com.google.common.collect.IndexedImmutableSet                                   : loaded 2 times (x 154B)
Class com.google.common.collect.ImmutableMap$1                                        : loaded 2 times (x 83B)
Class com.google.common.collect.BiMap                                                 : loaded 2 times (x 72B)
Class org.gradle.api.internal.classpath.DefaultModuleRegistry$DefaultModule           : loaded 2 times (x 84B)
Class com.google.common.collect.ImmutableMapEntrySet                                  : loaded 2 times (x 154B)
Class org.gradle.api.internal.classpath.Module                                        : loaded 2 times (x 72B)
Class org.gradle.api.internal.classpath.UnknownModuleException                        : loaded 2 times (x 84B)
Class com.google.common.collect.ImmutableMap$Builder                                  : loaded 2 times (x 84B)
Class org.gradle.api.internal.DefaultClassPathRegistry                                : loaded 2 times (x 78B)
Class org.gradle.internal.classpath.DefaultClassPath$ImmutableUniqueList              : loaded 2 times (x 201B)
Class org.gradle.api.internal.ClassPathRegistry                                       : loaded 2 times (x 72B)
Class com.google.common.collect.RegularImmutableMap$KeySet                            : loaded 2 times (x 154B)
Class Settings_gradle$1                                                               : loaded 2 times (x 76B)
Class org.gradle.internal.classpath.ClassPath                                         : loaded 2 times (x 72B)
Class org.gradle.api.internal.classpath.DefaultModuleRegistry$DefaultModuleAlias      : loaded 2 times (x 82B)
Class com.google.common.collect.ImmutableMap$IteratorBasedImmutableMap                : loaded 2 times (x 128B)
Class ijKotlinCoroutineJvmDebugInit2_89e9bwqrd74j8wlc9mntkjof1$_run_closure1$_closure2: loaded 2 times (x 140B)
Class com.google.common.collect.ImmutableBiMap                                        : loaded 2 times (x 145B)
Class org.gradle.api.internal.classpath.ModuleRegistry                                : loaded 2 times (x 72B)
Class org.gradle.internal.installation.GradleInstallation$1                           : loaded 2 times (x 77B)
Class com.google.common.collect.ImmutableCollection                                   : loaded 2 times (x 127B)
Class org.gradle.api.internal.classpath.DefaultModuleRegistry                         : loaded 2 times (x 86B)
Class com.google.common.base.Converter                                                : loaded 2 times (x 92B)
Class com.google.common.collect.ImmutableSet$CachingAsList                            : loaded 2 times (x 150B)
Class org.gradle.internal.service.ServiceLookupException                              : loaded 2 times (x 84B)
Class org.gradle.internal.classloader.ClassLoaderFactory                              : loaded 2 times (x 72B)
Class org.gradle.internal.service.CachingServiceLocator                               : loaded 2 times (x 84B)
Class com.google.common.collect.ImmutableMapEntry                                     : loaded 2 times (x 87B)
Class com.google.common.base.Function                                                 : loaded 2 times (x 72B)
Class com.google.common.collect.ImmutableMapEntry$NonTerminalImmutableMapEntry        : loaded 2 times (x 87B)
Class org.gradle.internal.classloader.ClasspathUtil                                   : loaded 2 times (x 73B)
Class ijJvmDebugger2_2qpwcmrjwyqsh234gjeoyjatj$_run_closure1                          : loaded 2 times (x 140B)
Class com.google.common.collect.Maps                                                  : loaded 2 times (x 73B)
Class org.gradle.api.specs.Spec                                                       : loaded 2 times (x 72B)
Class [Lcom.google.common.collect.ImmutableEntry;                                     : loaded 2 times (x 71B)
Class com.google.common.collect.Maps$8                                                : loaded 2 times (x 84B)
Class org.gradle.internal.classloader.VisitableURLClassLoader$InstrumentingVisitableURLClassLoader: loaded 2 times (x 124B)
Class org.gradle.internal.classloader.VisitableURLClassLoader$Spec                    : loaded 2 times (x 76B)
Class org.gradle.internal.classpath.DefaultClassPath                                  : loaded 2 times (x 92B)
Class com.google.common.collect.ImmutableSet                                          : loaded 2 times (x 147B)
Class com.google.common.collect.RegularImmutableMap$Values                            : loaded 2 times (x 209B)
Class org.gradle.internal.classloader.ClassLoaderSpec                                 : loaded 2 times (x 73B)
Class Settings_gradle$1$1                                                             : loaded 2 times (x 76B)
Class org.gradle.api.internal.classpath.Module$ModuleAlias                            : loaded 2 times (x 72B)
Class org.gradle.internal.classloader.VisitableURLClassLoader                         : loaded 2 times (x 118B)
Class Settings_gradle                                                                 : loaded 2 times (x 126B)
Class ijJvmDebugger2_2qpwcmrjwyqsh234gjeoyjatj$_run_closure1$_closure2                : loaded 2 times (x 141B)
Class org.gradle.internal.Cast                                                        : loaded 2 times (x 73B)
Class org.gradle.api.Action                                                           : loaded 2 times (x 72B)
Class com.google.common.collect.ImmutableMap                                          : loaded 2 times (x 122B)
Class org.gradle.internal.classpath.DefaultClassPath$ImmutableUniqueList$Builder      : loaded 2 times (x 77B)
Class [Lcom.google.common.collect.AbstractMapEntry;                                   : loaded 2 times (x 71B)
Class com.google.common.collect.ImmutableEntry                                        : loaded 2 times (x 84B)
Class org.gradle.api.GradleException                                                  : loaded 2 times (x 84B)
Class com.google.common.collect.CollectPreconditions                                  : loaded 2 times (x 73B)
Class com.google.common.collect.SortedMapDifference                                   : loaded 2 times (x 72B)
Class org.gradle.internal.IoActions                                                   : loaded 2 times (x 73B)
Class com.google.common.collect.RegularImmutableMap$BucketOverflowException           : loaded 2 times (x 84B)
Class ijJvmDebugger2_2qpwcmrjwyqsh234gjeoyjatj                                        : loaded 2 times (x 173B)
Class com.google.common.collect.Hashing                                               : loaded 2 times (x 73B)
Class com.google.common.base.Preconditions                                            : loaded 2 times (x 73B)
Class ijKotlinCoroutineJvmDebugInit2_89e9bwqrd74j8wlc9mntkjof1$_run_closure1          : loaded 2 times (x 140B)
Class com.google.common.collect.Maps$BiMapConverter                                   : loaded 2 times (x 92B)
Class com.google.common.collect.ImmutableMapEntrySet$RegularEntrySet                  : loaded 2 times (x 154B)
Class Build_gradle                                                                    : loaded 2 times (x 74B)
Class org.gradle.internal.installation.CurrentGradleInstallationLocator               : loaded 2 times (x 73B)
Class com.google.common.collect.ImmutableList                                         : loaded 2 times (x 208B)
Class org.gradle.internal.service.DefaultServiceLocator                               : loaded 2 times (x 85B)
Class org.gradle.internal.installation.CurrentGradleInstallation                      : loaded 2 times (x 75B)
Class org.gradle.util.internal.GUtil                                                  : loaded 2 times (x 73B)
Class org.gradle.internal.installation.GradleInstallation                             : loaded 2 times (x 77B)

---------------  S Y S T E M  ---------------

OS:
 Windows 11 , 64 bit Build 26100 (10.0.26100.9444)
OS uptime: 6 days 18:13 hours
Hyper-V role detected

CPU: total 8 (initial active 8) (8 cores per cpu, 2 threads per core) family 23 model 160 stepping 0 microcode 0x8a0000a, cx8, cmov, fxsr, ht, mmx, 3dnowpref, sse, sse2, sse3, ssse3, sse4a, sse4.1, sse4.2, popcnt, lzcnt, tsc, tscinvbit, avx, avx2, aes, clmul, bmi1, bmi2, adx, sha, fma, vzeroupper, clflush, clflushopt, clwb, hv, rdtscp, rdpid, f16c
Processor Information for the first 8 processors :
  Max Mhz: 2401, Current Mhz: 2100, Mhz Limit: 2088

Memory: 4k page, system-wide physical 5965M (122M free)
TotalPageFile size 16597M (AvailPageFile size 6M)
current process WorkingSet (physical memory assigned to process): 315M, peak: 315M
current process commit charge ("private bytes"): 377M, peak: 382M

vm_info: OpenJDK 64-Bit Server VM (25.0.2+-15348964-b329.117) for windows-amd64 JRE (25.0.2+-15348964-b329.117), built on 2026-05-05T18:25:19Z with MS VC++ 16.10 / 16.11 (VS2019)

END.
